; eggnogg-map/v1

[center]
"@@@@@@@@@@@@@@@@@@@@@@@@@@@@@@@@@"
"@@@@@@@@@@@@@@@@@@@@@@@@@@@@@@@@@"
"@@  =    C    :  Q:  =    C    @@"
"    ===       @@S@@  =  ===      "
"   #  =       : O :  ==== =      "
"      ===     :   :       =  #   "
"   @@   =  Q  @@m@@    ==== @@   "
"@      @@m@@         @@m@@      @"
"@@@XX@!!@@__@@     @@@@@@@@@XX@@@"
"@@@@@@@@@@@@@@@___@@@@@@@@@@@@@@@"
"@@@@@@@@@@@@@@@@@@@@@@@@@@@@@@@@@"
"@@@@@@@@@@@@@@@@@@@@@@@@@@@@@@@@@"

[mid_1]
"@@@@@@@@@@@@@@@@@@@@@@@@@@@@@@@@@"
"@@@@@vv~vv@@@vv@@@vv@@@@vvvv@@@@@"
"vv f # ~             vv     ff@v@"
"   f   ~ K        #              "
"   f   ~  #     O          ~     "
"   f # ~~      @m@@       ~~     "
"   f   ~~ @@  @vvv   @@@  ~~  #  "
"@@@@@@@XXm@@         @@@mXX@@@@@@"
"@@@@@@vvvv@        #   vvv@@@@@@@"
"@@@v@@        #           v@@@@@@"
"@@            T  t    #      @@@@"
"WWWWWWWWWWWWWWWWWWWWWWWWWWWWWWWWW"

[mid_2]
"@@@@@@@@@@vv@@@@@@@@@@@@@@@@@@@@@"
"  v@@vv   I    f@@@vv@@v@   @@   "
"   v@     I  #      # ~     @    "
"#     #  #I     A #   ~   #   #  "
"    @@    I   # #     ~    @@    "
"  #  @   @@-----@-----@@   @     "
"   ~ v@       #           @v     "
"@@@~  @@@@@@X@     @X@@@@@@   @@@"
"@v ~   @@vvv   #    vv@@@@   ~vvv"
"v  ~#   v        #         # ~#  "
"~~ ~    ~~~~   ~  ~~~ ~~~~~~ ~ ~~"
"wwwwwwwwwwwwwwwwwwwwwwwwwwwwwwwww"

[outer_1]
"@@@@@@@@@@@@@@@@@@@@@@@@@@@@@@@@@"
"@@@@@@@@@@@@@@@@@@@@@@@@@@@vv@@@@"
"@@@@@@@@@         ~   #      @@v "
"@@         #      m              "
"             #    C        #     "
"     #          O    #           "
"           #             #       "
"@@@ *                        @@@@"
"@@@@@^^^^^^^^^^^^^^^^^^^@@@@@@@@@"
"@@@@@EEEEEEEEEEEEEEEEEEE@@@@@@@@@"
"@@@@@@EEEEEEEEEEEEEEEEEE@@@@@@@@@"
"@@@@@@EEEEEEEEEEEEEEEEEE@@@@@@@@@"
