; eggnogg-map/v1

[center]
"WWWWwwwwWWwwwwwWwwwwwwWIIWWWwwwww"
"II Wwwww IwwwwIIwwwwwwwWWWWIwwwww"
"II   II  IIwIwIIIwwwwwwII  IIwwww"
"II   IIm II IIIII II I II  II   I"
"II   II  II   III II ImII  II   I"
"II   II  II   III II I II* II   I"
"II   IIO*II   III II I II  II   I"
"II@@III  II@@@III II I II@@III  I"
"II  III  II   III II+I II  III  I"
"II+@X@@m@II  IIII+II@@IIII @@@+II"
"@@@@@@@@@@I +IIII@XX@@mII@X@@@@@@"
"@SS@@@@@@@@XX@@@@@S@@@@@@@@@@@@S@"

[outer_1]
"@@@@@wwwwwWWWWwwwwwwWWwwWwwwWWwww"
"@@@vW wwwwWWwI wwwwwW WWWw  wWwww"
"@@@ I II     Iwww ww I W     wwww"
"@@` I II     I Iw    II        wI"
"``` IIII     III +   II         I"
"``    II       I @@@*II         I"
"      II @X~   I @v@ II    O +  I"
"      II @ ~   I   @ II ~   @@@ I"
"@@@   II +~~ * I     II ~~      I"
"@@@@@IIII@@m@@@@  @ +III~~ XX@ II"
"@@@@@@@@@@@@@@@@ww@@@@@@m@@@@@@@@"
"S@@@@@@S@@@S@@@@ww@SS@@@@@@@@S@@@"

[outer_2]
"@@@@@@@@@@@@@@v@@@@@@@@@@@@@@@@@@"
"@@@@@v@==@@=====@@@@@@@@@@@@@@@@@"
"@@@@@===================@v===@v@@"
"=@@@==  @@@@       *   =========@"
"==@==@@@@@@@@@@@@@@@@@         =="
"====@@@@==@@@@@@@@@@@@@@   @     "
" == @@v   ==@v@@@   ==@v   @@@   "
"+           ~~  *                "
"@X@         ~~  @@@@XX@@@     @@@"
"@@@@@    X@m@@@@@@@@@@@@@@@XXX@@@"
"@@@@@X@@@@@@@@@@@@@@@@@@@@@@@@@@@"
"@@@@@@@@@@@@@@@@@@@@@@@@@@@@@@@@@"

[outer_3]
"@@@@@@@@@v@wwwww~www~~wwwwwW@@@@@"
"@@@@v@@@@  wwWWw~ ww~~wWWwwFv@@@@"
"@v@=:=  :  wWWI~~www~~WIww :=@@v@"
"=== :   :   IwI~~   ~~ I   :====="
"= = :   :   III~~   ~~ I   :   =="
"==  :  *:    II~~   ~~ I   @@    "
"=   X@@@@    II~~~  ~~ I   @v    "
"+   @@@vv@   II~~~  ~~ II @@     "
"@@  +       III~~~ +~~ II *  O @@"
"@@@m@@@@@@@@II+~~@X@~~+@@@@X +@@@"
"@@@@@@@@@@@@X@@@@@@@@@@@@@@@@@@@@"
"@@@@@@@@@@@@@@@@@@@@@@@@@@@@@@@@@"

[outer_4]
"@@@@@@@@@@v@@@@@@@@@@v@@@@@@@@@@@"
"@v==v=               ==@=======@@"
"@  ==                 *@    ====v"
"@         @^^^^^^^^^^^@v     ===="
"@         @@EEEEEEEEE@@        =="
"@      @@ v@EEEEEEEEE@          ="
"@   @@ @@  @@EEEEEEE@@           "
"@+  @@      @@@@@@@@@          + "
"@@@ +                  +     @@@@"
"@@@@@        +     @@@@@@@@@@@@@@"
"@@@@@@@@@@@@@@@@@@@@@@@@@@@@@@@@@"
"@@@@@@@@@@@@@@@@@@@@@@@@@@@@@@@@@"
