; eggnogg-map/v1

[center]
"@@v@v@@@|@@@v```````v@@@|@@@v@v@@"
"F  = @v@|@v@  #      @v@|@v@ =  F"
"F    F @|@      *      @|@ F  # F"
"F  # F =~             # ~= F    F"
"F*=  F  ~  #    O  #    ~  F  =*F"
"@@@@=Fu ~ u           u ~ uF=@@@@"
"@@@@@@@ ~ @@@@@@@@@@@@@ ~ @@@@@@@"
"@@@@@@S ~=@@@@@@@@@@@@@=~ S@@@@@@"
"@@@@@@wwwwS@@@@@@@@@@@Swwww@@@@@@"
"@@@@Swww`ww@@@@@@@@@@@ww`wwwS@@@@"
"Swwwwwwww`wwS@@@@@@@Sww`wwwwwwwwS"
"wwwwwwwwww=wwwwwwwwwww=wwwwwwwwww"

[outer_1]
"        @@@@@@@@@@@@@@@@@@|@@@@@@"
"        = c=#@@@v@@@@@@@vv|   F= "
"              =F vv@S@@v  ~   F# "
"=              F    = F   ~## F  "
"@@@=*          F+Q #  F   ~  QF  "
"@@@@@@@+u   u @@@@ *  F   ~ u@@@@"
"@@@@@@@@@   @@@@@@@@@QF u ~ @@@@@"
"S@@@@@@@SwwwS@@@@@@@@@@@@ ~=S@@@@"
"wS@@@@Sww=wwwwS@@@@@@@@@@wwwwww@@"
"`wwwwww ww`wwwwwwS@@@@@@Sww=wwwww"
"w=wwwwwwwww`wwwwwwwwwwwww`www`www"
"wwwwwwwwwwwwwwwwwwwwwwwwwwwwwwwww"

[outer_2]
"     v@@@@@@@@@@@@@vv            "
"      Cv@@@@@@@@@@@              "
"        H@@@S@vvHC               "
"        HZZvv@ZZH            *=  "
"        HZ`H HZZH         =@@@@@@"
" *=     HZZH H`ZH        @@@@@@@@"
"@@@@    HZZH H`ZH     u@@@@@@@@@@"
"@@@v  +@@@@@*HZZH     @@@@@@@@@@@"
"@@v   @@@@@@@@@@@ +  =vv@@@@@@@ww"
"@@   =S@@@@@@@@@@@@     S@@@@@ww`"
"@@wwwwwwS@@@@@@@@@SwwwwwwwS@@ww`w"
"@Swwwwwwww@@@@@@@@wwwwwwwwwwww`ww"

[outer_3]
"      @@@@=@@@@@@@@@@=      #    "
"      =@@@@@@@@@@@@I             "
"        @@@@HSHZZZZI  #          "
"        IZZZH HZZZZI          #  "
"        IZZZH*HZZ@@@   u         "
"        @@@@@@@@X@@@  @@@  Q +  `"
"     +@@@@@@@@@@@@@@@ +*  @@@@@@@"
"  +  @@@@@@@@@@@@=@@@@@@@@@@@@@@@"
"@@@@@@@@=@@@@@@@@@@@@@@@@@@@@@@@@"
"@@@@@@@@@@@@@@@@@@@@@@@@@@@@wwwww"
"@@@@@@@@@@@@=@@@@@@@@@@@@@wwwww`w"
"@@@@@@@@@@@@@@@@@@@@@@wwwwwwww`ww"

[outer_4]
"@@@@@@@@@=       # :       : @@@@"
"@@@= :    #       u:   S # :@@@@@"
"@@   :    u  @@@@@@:   q   @@@@@="
"@@ # :   @@@ c@@@@@@^^^^^^^@@@@=?"
"@@   :@@ @S@  l @@@@^^^^^^^@@@C??"
"@@ @@:@@        =@@@@^^^^^@@?????"
"@@=  :   #         @@@@@@@@??????"
"@@@  :              @@@@@@=??#???"
"@@@@@@             # :  :???????@"
"@@@@@@@@@@@@=        :  :????=@@@"
"@@@@@@@@@@@@@@@@@@@@@@@@@@@@@@@@@"
"@@@@@@@@@@@@@@@@@@@@@@@@@@@@@@@@@"
