Building native rollback serializer tests...
state serializer tests: ALL OK
atlas-renderer tests: OK
✔ greggnogg\atlas-renderer.test.js (178.6562ms)
✔ defaults round-trip and checked-in native examples validate (7.0475ms)
✔ rejects duplicate and escaped duplicate keys without silently normalizing (0.5663ms)
✔ schema, references, geometry, visual ranges and limits fail closed (1.281ms)
✔ rename preserves references and failure preserves the input (0.2709ms)
✔ export ZIP keeps the exact entity and Lua bytes (1.0599ms)
✔ export matches the shared native-loader fixture byte for byte (0.4952ms)
✔ atlas inheritance, rectangular crops and padding match map grid rules (0.8426ms)
✔ entity PNG grids reject ambiguity, while identical declarations agree (0.2866ms)
✔ glyph preview includes the native one-pixel origin and nine-pixel stride (0.1895ms)
✔ complete map export retains exact map, assets and unchanged Lua through nested import (9.0178ms)
✔ map import rejects ambiguous roots, Windows collisions, traversal and invalid entities (3.4893ms)
✔ room expansion matches native source/mirror coordinates and orientation (0.3131ms)
✔ ordinary maps become ready to use without asking for a format selection (1.6556ms)
✔ launch-pad starter exports the exact fixture executed by the real Lua runtime (0.7773ms)
✔ picture import declares and packages the asset without changing existing tiles or bytes (7.2238ms)
✔ solid region purpose survives validated map serialization (0.4182ms)
✔ object design is owned by the current document and upgrades without modifying its source (1.9917ms)
✔ painting objects preserves terrain, deduplicates cells and erases through the same tool (1.9207ms)
✔ capacity failure leaves the existing map placements intact (0.7322ms)
✔ object logic round trips without repeated generated callbacks or losing manual edits (1.35ms)
✔ rename preserves placements and callbacks; placed designs cannot be deleted (0.7662ms)
✔ object designer opens inside Greggnogg and the old entry redirects there (0.7542ms)
✔ room duplication copies instances with distinct names and checks expanded capacity atomically (0.5592ms)
✔ normal map package parsing retains generated Lua for editor metadata restoration (5.695ms)
✔ actual map import accepts nested custom-object exports and restores the current-map callback model (4.6833ms)
✔ actual map import rejects conflicting callback metadata without replacing the current map (4.2218ms)
✔ save validates an immutable snapshot while picture loading is pending (0.9727ms)
✔ save rejects animation frames that extend beyond the picture sheet (0.7523ms)
✔ map tools find and erase unsnapped room-local and legacy world-coordinate objects (0.3716ms)
✔ actual painting ignores a previously selected blank terrain tile and supports explicit keyboard erasure (2.3995ms)
✔ object block layouts survive package import and design rename without losing editable actions (54.924ms)
✔ malformed object block metadata rejects atomically and stale layouts preserve newer Lua (0.6611ms)
✔ renaming updates map blocks and creation blocks in other objects atomically (3.3259ms)
✔ motion controls compile before custom logic and survive export/import (1.0026ms)
✔ terrain collision controls generate the native movement fixture (0.3826ms)
Greggnogg editor-core tests passed: 121
✔ greggnogg\editor-core.test.js (160.769ms)
✔ connected player action generates a native map callback and round trips as blocks (12.6766ms)
✔ invalid contexts and duplicate event handlers reject before replacing Lua (2.5621ms)
✔ handwritten Lua survives mode switching byte for byte (0.919ms)
✔ malformed or mismatched metadata falls back to preserved Lua without partial blocks (0.4614ms)
✔ object movement and animation controls match the native runtime fixture (8.3583ms)
✔ remove-this-object ends its statement stack and requires a live object event (0.7021ms)
✔ object picker uses current-map designs and preserves missing serialized IDs (2.638ms)
✔ object callback blocks round trip independently and retain handwritten bodies (1.6734ms)
✔ timing, deterministic random and math blocks generate inside repeated actions (0.5874ms)
✔ active-player loop supplies observations and a scoped action target (0.9829ms)
✔ player-loop native fixture is generated by the real block editor (1.366ms)
✔ player/object overlap condition matches its native fixture (0.9851ms)
✔ object-type loop supplies this-object context in map logic (0.7536ms)
✔ dropdown release opens after drag cancellation, including newly created blocks (0.7393ms)
✔ scoped variables preserve player identity, false values and editable serialization (1.7685ms)
✔ per-player variable runtime fixture matches actual blocks (0.7663ms)
✔ terrain sensing and reversal compose in an object update (0.8338ms)
✔ patrol runtime fixture matches actual editor blocks (0.6112ms)
✔ variable pickers discover created names and retain them through serialization (1.1742ms)
✔ object variable names generate instance-owned keys and reject overly long keys (0.3912ms)
✔ object point queries compose through OR and retain object rename references (1.5737ms)
✔ invalid blocks remain visible when switching to Advanced (2.5596ms)
✔ opening another document does not compile the previous block workspace (1.1996ms)
✔ object logic event switching retains independent Lua and blocks (11.8653ms)
✔ disconnected blocks block mode and event switches without losing the workspace (2.7401ms)
✔ waiting session uploads exactly once and waits for game completion (1.5769ms)
✔ lost POST response polls acceptance without submitting again (0.84ms)
✔ initial connection retries and native map errors are surfaced (2.017ms)
✔ replaced sessions and rejected uploads stop (0.3722ms)
✔ invalid tokens never contact a service and tokens use all random bytes (0.3104ms)
✔ browser packet matches the native fixture byte for byte (2.6774ms)
✔ binary assets survive exactly and editor-only metadata is omitted (0.5217ms)
✔ unsafe paths, Windows devices, duplicates and invalid text reject (0.8556ms)
✔ configuration fails closed (2.2898ms)
✔ queue payload contains only public identity, queue, and HTTPS handoffs (8.3013ms)
✔ join posts once and leave edits the exact owned message (1.4527ms)
✔ matched post is edited now and deleted after one-day retention (0.3318ms)
✔ leave racing create edits the late message (0.2527ms)
✔ a sub-two-second queue stay never creates a Discord message (0.1797ms)
✔ the delayed post is created once only after its timer fires (0.1763ms)
✔ 429 response uses server retry_after instead of hardcoded route rates (0.1807ms)
✔ invalid lifecycle values never reach Discord (0.092ms)
✔ orderly close retires active owned posts (0.4948ms)
✔ pending create work is bounded without dropping owned cleanup (2.8759ms)
✔ goal RGB controls preview exact channels and group a gesture into one undo (4.5172ms)
✔ invalid goal RGB or hex input preserves the document (1.3244ms)
✔ shared RGB controls retain room palette behavior (1.3616ms)
✔ public base and generated links are strict HTTPS routes (3.6666ms)
✔ redirect parser exposes only completed canonical yule intents (0.3317ms)
✔ HTTP handoff is no-store and method bounded (1.1592ms)
✔ redirect server refuses an accidental public bind (0.2488ms)
✔ audit preserves append history and records correlated intent/outcome without secrets (24.5176ms)
✔ audit failure blocks mutation and completion failure is explicitly distinguished (0.3122ms)
✔ an interrupted final record cannot absorb later audit entries (7.0653ms)
✔ live dashboard preserves focused, open, and edited maintenance while other regions refresh (2.0771ms)
✔ live dashboard pauses hidden tabs, retries failures, and stops on expired sessions (0.73ms)
✔ live dashboard does not overlap requests after visibility changes (0.5248ms)
✔ admin bind validation accepts only loopback/private literals by default (5.6916ms)
✔ admin UI grants a private client session, requires CSRF, and dispatches actions (37.3161ms)
✔ admin UI can be disabled explicitly (0.1706ms)
✔ direct execution explains that the admin listener belongs to server.js (51.3127ms)
✔ admin rejects DNS rebinding hostnames before granting sessions (4.1262ms)
✔ offline backup verifies data and restores with a complete recovery copy (67.2294ms)
✔ tampered backup is rejected before any destination changes (18.7507ms)
✔ partial restore failure restores previous bytes and retains recovery snapshot (58.0318ms)
✔ silent write corruption triggers verified recovery (50.6985ms)
✔ silent recovery corruption is never reported as recovered (45.479ms)
✔ stores reject damaged existing files and have no inherited users (11.3533ms)
✔ failed atomic replacement preserves destination and cleans temporary file (5.0367ms)
✔ record updates publish only after persistence and preserve unrelated users (7.7358ms)
ℹ tests 107
ℹ suites 0
ℹ pass 107
ℹ fail 0
ℹ cancelled 0
ℹ skipped 0
ℹ todo 0
ℹ duration_ms 479.628
embedded UI source/header synchronization: OK
compile source list checks: OK (48 implementation files)
entity render native ABI and insertion checks passed
release packaging fail-closed static checks: OK
Linux Wine installer static/syntax checks: OK
Linux Wine installer integration test: skipped on non-POSIX host
public source exporter/static release guards: OK
credential_hooks_static_test: all checks passed
online_control_hooks_static_test: all checks passed
online flow integration static checks: OK
online native cursor static checks: OK
online match network HUD static checks: OK
online menu tick static checks: OK
online active troubleshooter static checks: OK
online LAN admin integration static checks: OK
online server control safety: OK
friend challenge map picker static checks: OK
social controls static checks: OK
private rematch static checks: OK
online launch/deep-link static checks: OK
one-shot updater handoff static checks: OK
single frame-boundary capture static checks: OK
desync_repro_static_test: all checks passed
peer trace diff tests: OK
fp_control_hooks_static_test: all checks passed
simulation_geometry_static_test: all checks passed
player colour static checks: OK
Discord Rich Presence privacy/runtime wiring checks: OK
bytebeat Lua/cache/resource wiring checks: OK
Lua HTTP owner/cancellation/body-bound static checks: OK
Greggnogg responsive color-editor static checks: OK
owner-scoped Lua console command integration: OK
removable Lua subscription integration static checks: OK
public mod.online cosmetics-surface removal checks: OK
Lua filesystem picker static checks: OK
mod API manifest/runtime integration static checks: OK
owner-scoped asset removal API wiring: OK
bounded mod.json integration static checks: OK
sandboxed Dollchan JavaScript build/security wiring checks: OK
native/bounded/Dollchan music playlist and authoring controls: OK
console catalog coverage: OK (70 dispatched, 70 catalog entries)
Discord LFG server/bot privacy lifecycle checks: OK
state-preserving online-server updater checks: OK
repository-wide updater safety checks: OK
installer lifecycle checks: OK
net_backpressure_static_test: all checks passed
window runtime static checks: OK
PASS: guarded credential, TCP/control, FP, rollback envelope, serializer, and window native/static tests completed.
