entity render native ABI and insertion checks passed
Checking native-tick force integration...
content_force_hooks_static_test: all checks passed
Checking native-layout per-map tileset integration...
map_tileset_hooks_static_test: all checks passed
Checking bounded and padding-safe native atlas packing...
map_atlas_loader_static_test: all checks passed
Checking retired map-registry generation cleanup...
custom map retirement static checks: OK
Checking mod content-registry native visual options...
lua_content_native_visual_static_test: all checks passed
Checking map.lua native-hook integration...
map_script_hooks_static_test: all checks passed
Checking map.lua rollback-state integration...
map_script_rollback_static_test: all checks passed
Checking fail-closed online map.lua readiness...
map_script_online_gate_static_test: all checks passed
Building deterministic content registry behavior tests...
content_registry_test: all checks passed
Building deterministic content tile interaction tests...
content_tiles_test: all checks passed
Building generated-map render bridge tests...
content_bridge_test: all checks passed
Building isolated deterministic map.lua runtime tests...
map.lua disabled for this rollback timeline: map.on_contact failed: tests/map.lua:2: unknown or read-only map object property
map.lua disabled for this rollback timeline: map.on_enter failed: tests/map.lua:1: get_sprite expects no arguments
map.lua disabled for this rollback timeline: map.on_enter failed: tests/map.lua:1: set_sprite options must be a table
map.lua disabled for this rollback timeline: map.on_enter failed: tests/map.lua:1: set_sprite options has an unknown field 'offset_z'
map.lua disabled for this rollback timeline: map.on_enter failed: tests/map.lua:1: set_sprite options.offset_y must be a number
map.lua disabled for this rollback timeline: map.on_enter failed: tests/map.lua:1: set_sprite options.offset_y is non-finite or outside -4096..4096 pixels
map.lua disabled for this rollback timeline: map.on_enter failed: tests/map.lua:1: set_sprite options.offset_y is non-finite or outside -4096..4096 pixels
map.lua disabled for this rollback timeline: map.on_enter failed: tests/map.lua:1: set_sprite options has an unknown field 'offset_y'
map.lua disabled for this rollback timeline: map.on_enter failed: tests/map.lua:1: set_sprite expects sprite index, duration_ticks, and optional options
map.lua disabled for this rollback timeline: map.on_contact failed: tests/map.lua:3: intentional limit fault
map.lua disabled for this rollback timeline: map timer callback failed: tests/map.lua:1: timer fault
map.lua disabled for this rollback timeline: map timer callback failed: tests/map.lua:1: timer fault
map.lua disabled for this rollback timeline: map.on_tick failed: tests/map.lua:1: timer ticks are outside the supported integer range
map.lua disabled for this rollback timeline: map.on_tick failed: tests/map.lua:1: map.state_clear expects at most one prefix
map.lua disabled for this rollback timeline: map.on_tick failed: tests/map.lua:1: map.state accepts only nil, boolean, number, or short string
map.lua disabled for this rollback timeline: map.on_tick failed: tests/map.lua:1: map.state accepts only nil, boolean, number, or short string
map.lua disabled for this rollback timeline: map.on_tick failed: tests/map.lua:1: map.state numbers must be finite
map.lua disabled for this rollback timeline: map.on_tick failed: tests/map.lua:1: map.state numbers must be finite
map.lua disabled for this rollback timeline: map.on_tick failed: tests/map.lua:1: map.state numbers must be finite
map.lua disabled for this rollback timeline: map.on_tick failed: tests/map.lua:1: map.state strings may contain at most 63 bytes
map.lua disabled for this rollback timeline: map.on_tick failed: tests/map.lua:1: map.state accepts only nil, boolean, number, or short string
map.lua disabled for this rollback timeline: map.on_tick failed: tests/map.lua:1: map.state accepts only nil, boolean, number, or short string
map.lua disabled for this rollback timeline: map.on_tick failed: tests/map.lua:1: map.state numbers must be finite
map.lua disabled for this rollback timeline: map.on_tick failed: tests/map.lua:1: map.state numbers must be finite
map.lua disabled for this rollback timeline: map.on_tick failed: tests/map.lua:1: map.state numbers must be finite
map.lua disabled for this rollback timeline: map.on_tick failed: tests/map.lua:1: map.state strings may contain at most 63 bytes
map_script_test: all checks passed
Building checked-in spring demo behavior tests...
spring demo fixture tests passed
Building the V2 package/fixture regression test...
[13:44:42] [WARN] [maps][legacy] warning: map has only one source room
[13:44:42] [WARN] [maps][legacy] warning: map has only one source room
[13:44:42] [WARN] [maps][legacy] warning: map has only one source room
[13:44:42] [WARN] [maps][legacy] warning: map has only one source room
[13:44:42] [ERROR] [maps][legacy] [data.json][rules.eggnogg_color] error: colour must be a 3-number array
[13:44:42] [WARN] [maps][legacy] warning: map has only one source room
[13:44:42] [ERROR] [maps][legacy] [data.json][rules.eggnogg_color] error: colour must be a 3-number array
[13:44:42] [WARN] [maps][legacy] warning: map has only one source room
[13:44:42] [ERROR] [maps][legacy] [data.json][rules.eggnogg_color] error: colour must be a 3-number array
[13:44:42] [WARN] [maps][legacy] warning: map has only one source room
[13:44:42] [ERROR] [maps][legacy] [data.json][rules.eggnogg_color] error: colour must be a 3-number array
[13:44:42] [WARN] [maps][legacy] warning: map has only one source room
[13:44:42] [ERROR] [maps][legacy] [data.json][rules.eggnogg_color] error: colour channel 2 must be numeric
[13:44:42] [WARN] [maps][legacy] warning: map has only one source room
[13:44:42] [ERROR] [maps][legacy] [data.json][rules.eggnogg_color] error: colour channel 1 must be in 0.0..1.0
[13:44:42] [WARN] [maps][legacy] warning: map has only one source room
[13:44:42] [ERROR] [maps][legacy] [data.json][rules.eggnogg_color] error: colour channel 0 must be in 0.0..1.0
[13:44:42] [WARN] [maps][legacy] warning: map has only one source room
[13:44:42] [ERROR] [maps][legacy] [data.json][line=1][col=219] error: number out of range
[13:44:42] [WARN] [maps][legacy] warning: map has only one source room
[13:44:42] [WARN] [maps][legacy] warning: map has only one source room
[13:44:42] [WARN] [maps][legacy] warning: map has only one source room
[13:44:42] [WARN] [maps][legacy] warning: map has only one source room
[13:44:42] [WARN] [maps][legacy] warning: map has only one source room
[13:44:42] [WARN] [maps][legacy] warning: map has only one source room
[13:44:42] [WARN] [maps][legacy] warning: map has only one source room
[13:44:42] [ERROR] [maps][legacy] [data.json][defaults.room.opponent_spawn] error: expected default, always, or never
[13:44:42] [WARN] [maps][legacy] warning: map has only one source room
[13:44:42] [ERROR] [maps][legacy] [data.json][rooms.center.opponent_spawn] error: expected default, always, or never
[13:44:42] [WARN] [maps][legacy] warning: map has only one source room
[13:44:42] [ERROR] [maps][legacy] [data.json][defaults.room.opponent_spawn] error: expected default, always, or never
[13:44:42] [WARN] [maps][legacy] warning: map has only one source room
[13:44:42] [ERROR] [maps][legacy] [data.json][rooms.center.opponent_spawn] error: expected default, always, or never
[13:44:42] [WARN] [maps][legacy] warning: map has only one source room
[13:44:42] [ERROR] [maps][legacy] [data.json][defaults.room.opponent_spawn] error: expected default, always, or never
[13:44:42] [WARN] [maps][legacy] warning: map has only one source room
[13:44:42] [ERROR] [maps][legacy] [data.json][rooms.center.opponent_spawn] error: expected default, always, or never
[13:44:42] [WARN] [maps][legacy] warning: map has only one source room
[13:44:42] [ERROR] [maps][legacy] [data.json][defaults.room.opponent_spawn] error: expected default, always, or never
[13:44:42] [WARN] [maps][legacy] warning: map has only one source room
[13:44:42] [ERROR] [maps][legacy] [data.json][rooms.center.opponent_spawn] error: expected default, always, or never
[13:44:42] [WARN] [maps][legacy] warning: map has only one source room
[13:44:42] [ERROR] [maps][legacy] [data.json][defaults.room.opponent_spawn] error: expected default, always, or never
[13:44:42] [WARN] [maps][legacy] warning: map has only one source room
[13:44:42] [ERROR] [maps][legacy] [data.json][rooms.center.opponent_spawn] error: expected default, always, or never
[13:44:42] [WARN] [maps][legacy] warning: map has only one source room
[13:44:42] [ERROR] [maps][legacy] [data.json][defaults.room.opponent_spawn] error: expected default, always, or never
[13:44:42] [WARN] [maps][legacy] warning: map has only one source room
[13:44:42] [ERROR] [maps][legacy] [data.json][rooms.center.opponent_spawn] error: expected default, always, or never
[13:44:42] [WARN] [maps][legacy] warning: map has only one source room
[13:44:42] [ERROR] [maps][legacy] [data.json][defaults.room.opponent_spawn] error: expected default, always, or never
[13:44:42] [WARN] [maps][legacy] warning: map has only one source room
[13:44:42] [ERROR] [maps][legacy] [data.json][rooms.center.opponent_spawn] error: expected default, always, or never
[13:44:42] [WARN] [maps][legacy] warning: map has only one source room
[13:44:42] [WARN] [maps][legacy] warning: map has only one source room
[13:44:42] [WARN] [maps][legacy] warning: map has only one source room
[13:44:42] [WARN] [maps][legacy] warning: map has only one source room
[13:44:42] [WARN] [maps][legacy] warning: map has only one source room
[13:44:42] [WARN] [maps][legacy] warning: map has only one source room
[13:44:42] [WARN] [maps][legacy] warning: map has only one source room
[13:44:42] [WARN] [maps][legacy] warning: map has only one source room
[13:44:42] [ERROR] [maps][legacy] [data.json][defaults.room.opponent_spawn] error: expected default, always, or never
[13:44:42] [WARN] [maps][legacy] warning: map has only one source room
[13:44:42] [ERROR] [maps][legacy] [data.json][rooms.center.opponent_spawn] error: expected default, always, or never
[13:44:42] [WARN] [maps][legacy] warning: map has only one source room
[13:44:42] [ERROR] [maps][legacy] [data.json][defaults.room.opponent_spawn] error: expected default, always, or never
[13:44:42] [WARN] [maps][legacy] warning: map has only one source room
[13:44:42] [ERROR] [maps][legacy] [data.json][rooms.center.opponent_spawn] error: expected default, always, or never
[13:44:42] [WARN] [maps][legacy] warning: map has only one source room
[13:44:42] [ERROR] [maps][legacy] [data.json][defaults.room.opponent_spawn] error: expected default, always, or never
[13:44:42] [WARN] [maps][legacy] warning: map has only one source room
[13:44:42] [ERROR] [maps][legacy] [data.json][rooms.center.opponent_spawn] error: expected default, always, or never
[13:44:42] [WARN] [maps][legacy] warning: map has only one source room
[13:44:42] [ERROR] [maps][legacy] [data.json][defaults.room.opponent_spawn] error: expected default, always, or never
[13:44:42] [WARN] [maps][legacy] warning: map has only one source room
[13:44:42] [ERROR] [maps][legacy] [data.json][rooms.center.opponent_spawn] error: expected default, always, or never
[13:44:42] [WARN] [maps][legacy] warning: map has only one source room
[13:44:42] [ERROR] [maps][legacy] [data.json][defaults.room.opponent_spawn] error: expected default, always, or never
[13:44:42] [WARN] [maps][legacy] warning: map has only one source room
[13:44:42] [ERROR] [maps][legacy] [data.json][rooms.center.opponent_spawn] error: expected default, always, or never
[13:44:42] [WARN] [maps][legacy] warning: map has only one source room
[13:44:42] [ERROR] [maps][legacy] [data.json][defaults.room.opponent_spawn] error: expected default, always, or never
[13:44:42] [WARN] [maps][legacy] warning: map has only one source room
[13:44:42] [ERROR] [maps][legacy] [data.json][rooms.center.opponent_spawn] error: expected default, always, or never
[13:44:42] [WARN] [maps][legacy] warning: map has only one source room
[13:44:42] [ERROR] [maps][legacy] [data.json][defaults.room.opponent_spawn] error: expected default, always, or never
[13:44:42] [WARN] [maps][legacy] warning: map has only one source room
[13:44:42] [ERROR] [maps][legacy] [data.json][rooms.center.opponent_spawn] error: expected default, always, or never
[13:44:42] [WARN] [maps][legacy] warning: map has only one source room
[13:44:42] [ERROR] [maps][legacy] [data.map][room=center][line=6][row=3][col=17] error: glyph "T" expands upward into a 4-tile tentacle and needs 3 tiles of headroom
[13:44:42] [WARN] [maps][legacy] warning: map has only one source room
[13:44:42] [ERROR] [maps][legacy] [data.map][room=center][line=5][row=2][col=17] error: glyph "t" expands upward into a 3-tile tentacle and needs 2 tiles of headroom
[13:44:42] [WARN] [maps][legacy] warning: map has only one source room
[13:44:42] [ERROR] [maps][legacy] [data.map][room=center][line=4][row=1][col=17] error: glyph "s" expands upward into a 2-tile tentacle and needs 1 tiles of headroom
[13:44:42] [WARN] [maps][legacy] warning: map has only one source room
[13:44:42] [INFO] [maps] scanning maps/ for custom maps
[13:44:42] [INFO] [maps][basketsword] scanning folder: maps\basketsword
[13:44:42] [INFO] [maps][basketsword] loading json: maps\basketsword\data.json
[13:44:42] [INFO] [maps][basketsword] loading map: maps\basketsword\data.map
[13:44:42] [WARN] [maps][basketsword] warning: map has only one source room
[13:44:42] [INFO] [maps][basketsword] registered: name="basketsword" author="loaf" source_rooms=1 final_rooms=1 mode=swords native_reset_spawners<=7 k_markers=0
[13:44:42] [INFO] [maps][example_map] scanning folder: maps\example_map
[13:44:42] [INFO] [maps][example_map] loading json: maps\example_map\data.json
[13:44:42] [INFO] [maps][example_map] loading map: maps\example_map\data.map
[13:44:42] [WARN] [maps][example_map] [data.json][rooms.center.appearance] warning: primary and mirror define duplicate explicit colours
[13:44:42] [WARN] [maps][example_map] [data.json][rooms.mid_1.appearance] warning: primary and mirror define duplicate explicit colours
[13:44:42] [WARN] [maps][example_map] [data.json][rooms.mid_2.appearance] warning: primary and mirror define duplicate explicit colours
[13:44:42] [WARN] [maps][example_map] [data.json][rooms.outer_1.appearance] warning: primary and mirror define duplicate explicit colours
[13:44:42] [INFO] [maps][example_map] registered: name="Example Map" author="loaf" source_rooms=4 final_rooms=7 mode=swords K-room reset budget<=4/13 k_markers=1
[13:44:42] [INFO] [maps][flooded_caves] scanning folder: maps\flooded_caves
[13:44:42] [INFO] [maps][flooded_caves] loading json: maps\flooded_caves\data.json
[13:44:42] [INFO] [maps][flooded_caves] loading map: maps\flooded_caves\data.map
[13:44:42] [INFO] [maps][flooded_caves] registered: name="Flooded Caves" author="AtraxiA" source_rooms=5 final_rooms=9 mode=karate native_reset_spawners<=3 k_markers=0
[13:44:42] [INFO] [maps][leafy_greens] scanning folder: maps\leafy_greens
[13:44:42] [INFO] [maps][leafy_greens] loading json: maps\leafy_greens\data.json
[13:44:42] [INFO] [maps][leafy_greens] loading map: maps\leafy_greens\data.map
[13:44:42] [INFO] [maps][leafy_greens] registered: name="LEAFY GREENS" author="loaf" source_rooms=5 final_rooms=9 mode=swords native_reset_spawners<=6 k_markers=0
[13:44:42] [INFO] [maps][the big jump] scanning folder: maps\the big jump
[13:44:42] [INFO] [maps][the big jump] loading json: maps\the big jump\data.json
[13:44:42] [INFO] [maps][the big jump] loading map: maps\the big jump\data.map
[13:44:42] [INFO] [maps][big_jump] registered: name="The Big Jump" author="loaf" source_rooms=2 final_rooms=3 mode=swords native_reset_spawners<=25 k_markers=0
[13:44:42] [INFO] [maps][v2_symbolic_demo] scanning folder: maps\v2_symbolic_demo
[13:44:42] [INFO] [maps][v2_symbolic_demo] loading json: maps\v2_symbolic_demo\data.json
[13:44:42] [INFO] [maps][v2_symbolic_demo] loading map: maps\v2_symbolic_demo\data.map
[13:44:42] [INFO] [maps][v2_symbolic_demo] registered: name="V2 Symbolic Tile Demo" author="Eggnogg+" source_rooms=2 final_rooms=3 mode=swords native_reset_spawners<=2 k_markers=0
[13:44:42] [INFO] [maps] registry ready: 6 custom maps (was 0)
[13:44:42] [WARN] [maps][_greggnogg_preview] warning: map has only one source room
[13:44:42] [INFO] [maps] scanning maps/ for custom maps
[13:44:42] [INFO] [maps][basketsword] scanning folder: maps\basketsword
[13:44:42] [INFO] [maps][basketsword] loading json: maps\basketsword\data.json
[13:44:42] [INFO] [maps][basketsword] loading map: maps\basketsword\data.map
[13:44:42] [WARN] [maps][basketsword] warning: map has only one source room
[13:44:42] [INFO] [maps][basketsword] registered: name="basketsword" author="loaf" source_rooms=1 final_rooms=1 mode=swords native_reset_spawners<=7 k_markers=0
[13:44:42] [INFO] [maps][example_map] scanning folder: maps\example_map
[13:44:42] [INFO] [maps][example_map] loading json: maps\example_map\data.json
[13:44:42] [INFO] [maps][example_map] loading map: maps\example_map\data.map
[13:44:42] [WARN] [maps][example_map] [data.json][rooms.center.appearance] warning: primary and mirror define duplicate explicit colours
[13:44:42] [WARN] [maps][example_map] [data.json][rooms.mid_1.appearance] warning: primary and mirror define duplicate explicit colours
[13:44:42] [WARN] [maps][example_map] [data.json][rooms.mid_2.appearance] warning: primary and mirror define duplicate explicit colours
[13:44:42] [WARN] [maps][example_map] [data.json][rooms.outer_1.appearance] warning: primary and mirror define duplicate explicit colours
[13:44:42] [INFO] [maps][example_map] registered: name="Example Map" author="loaf" source_rooms=4 final_rooms=7 mode=swords K-room reset budget<=4/13 k_markers=1
[13:44:42] [INFO] [maps][flooded_caves] scanning folder: maps\flooded_caves
[13:44:42] [INFO] [maps][flooded_caves] loading json: maps\flooded_caves\data.json
[13:44:42] [INFO] [maps][flooded_caves] loading map: maps\flooded_caves\data.map
[13:44:42] [INFO] [maps][flooded_caves] registered: name="Flooded Caves" author="AtraxiA" source_rooms=5 final_rooms=9 mode=karate native_reset_spawners<=3 k_markers=0
[13:44:42] [INFO] [maps][leafy_greens] scanning folder: maps\leafy_greens
[13:44:42] [INFO] [maps][leafy_greens] loading json: maps\leafy_greens\data.json
[13:44:42] [INFO] [maps][leafy_greens] loading map: maps\leafy_greens\data.map
[13:44:42] [INFO] [maps][leafy_greens] registered: name="LEAFY GREENS" author="loaf" source_rooms=5 final_rooms=9 mode=swords native_reset_spawners<=6 k_markers=0
[13:44:42] [INFO] [maps][the big jump] scanning folder: maps\the big jump
[13:44:42] [INFO] [maps][the big jump] loading json: maps\the big jump\data.json
[13:44:42] [INFO] [maps][the big jump] loading map: maps\the big jump\data.map
[13:44:42] [INFO] [maps][big_jump] registered: name="The Big Jump" author="loaf" source_rooms=2 final_rooms=3 mode=swords native_reset_spawners<=25 k_markers=0
[13:44:42] [INFO] [maps][v2_symbolic_demo] scanning folder: maps\v2_symbolic_demo
[13:44:42] [INFO] [maps][v2_symbolic_demo] loading json: maps\v2_symbolic_demo\data.json
[13:44:42] [INFO] [maps][v2_symbolic_demo] loading map: maps\v2_symbolic_demo\data.map
[13:44:42] [INFO] [maps][v2_symbolic_demo] registered: name="V2 Symbolic Tile Demo" author="Eggnogg+" source_rooms=2 final_rooms=3 mode=swords native_reset_spawners<=2 k_markers=0
[13:44:42] [INFO] [maps] registry ready: 7 custom maps (was 6)
[13:44:42] [INFO] [maps] installed in-memory preview map "Preview Test" at selector 11
[13:44:42] [ERROR] [maps][_greggnogg_preview] [data.json][format] error: preview links currently accept eggnogg-map/v1 only
[13:44:42] [WARN] [maps][spawn_budget] warning: map has only one source room
[13:44:42] [ERROR] [maps][spawn_budget] [data.map][room=center] error: native room-reset spawn budget is 14/13 (K hazards=14, swords=0, mines=0); thing_new has 15 allocatable slots after skipping slot zero and two are reserved for players
[13:44:42] [WARN] [maps][spawn_budget] warning: map has only one source room
[13:44:42] [ERROR] [maps][spawn_budget] [data.map][room=center] error: native room-reset spawn budget is 14/13 (K hazards=5, swords=4, mines=5); thing_new has 15 allocatable slots after skipping slot zero and two are reserved for players
[13:44:42] [WARN] [maps][spawn_budget] warning: map has only one source room
[13:44:42] [WARN] [maps][spawn_budget] warning: map has only one source room
[13:44:42] [WARN] [maps][symbol_test] warning: map has only one source room
[13:44:42] [WARN] [maps][builtin_skin] warning: map has only one source room
[13:44:42] [WARN] [maps][expanded_skin] warning: map has only one source room
[13:44:42] [WARN] [maps][space_skin] warning: map has only one source room
[13:44:42] [ERROR] [maps][bad] [data.json][tileset.tiles[2].symbol] error: duplicate symbol "$"
[13:44:42] [ERROR] [maps][bad] [data.json][line=1][col=36] error: duplicate object key 'format'
[13:44:42] [ERROR] [maps][bad] [data.json][tileset.tiles[1]] error: unknown key "sprite_indx"
[13:44:42] [ERROR] [maps][bad] [data.json][line=1][col=43] error: JSON strings cannot contain NUL
[13:44:42] [ERROR] [maps][bad] [data.json][rules.score_target] error: expected null or positive integer
[13:44:42] [WARN] [maps][bad] warning: map has only one source room
[13:44:42] [ERROR] [maps][bad] [data.json][id] error: v2 requires a non-empty stable id
[13:44:42] [ERROR] [maps][bad] [data.json][id] error: id is too long for a map content namespace
[13:44:42] [ERROR] [maps][bad] [data.json][tileset.tiles[1].layer] error: expected integer in 0..1
[13:44:42] [ERROR] [maps][bad] [data.json][tileset.tiles[1].collision] error: expected native, solid, pass_through, or hazard
[13:44:42] [ERROR] [maps][bad] [data.json][tileset.tiles[1].force_mode] error: expected add or set
[13:44:42] [ERROR] [maps][bad] [data.json][tileset.tiles[1].force_mode] error: force_mode requires force_x and/or force_y
[13:44:42] [ERROR] [maps][bad] [data.json][tileset.tiles[1].native_glyph] error: native collision requires a safe native_glyph (builtin overrides default to their symbol)
[13:44:42] [ERROR] [maps][bad] [data.json][tileset.tiles[1].native_visual] error: expected replace or underlay
[13:44:42] [WARN] [maps][asset_test] warning: map has only one source room
[13:44:42] [WARN] [maps][geometry_test] warning: map has only one source room
[13:44:42] [ERROR] [maps][geometry_test] [data.json][tileset.tiles[1]] error: sprite_index/frame_count exceeds the external sheet's 4 sprites
[13:44:42] [WARN] [maps][asset_test] warning: map has only one source room
[13:44:42] [ERROR] [maps][asset_test] [data.json][tileset.tiles[1].asset_sha256] error: declared SHA-256 does not match file bytes
[13:44:42] [WARN] [maps][tileset_defaults] warning: map has only one source room
[13:44:42] [ERROR] [maps][missing_default] [data.json][tileset.tiles[1].sprite_sheet] error: missing tile sheet and tileset has no default sprite_sheet
[13:44:42] [WARN] [maps][native_default] warning: map has only one source room
[13:44:42] [WARN] [maps][native_default] warning: map has only one source room
[13:44:42] [WARN] [maps][native_default] warning: map has only one source room
[13:44:42] [ERROR] [maps][native_default] [data.json][tileset.native_layout] error: map sheet needs at least 128 sprites because native tile actions address the first 128 cells; extra cells are allowed
[13:44:42] [ERROR] [maps][native_default] [data.json][tileset.native_layout] error: native layout requires an external default sprite_sheet
[13:44:42] [ERROR] [maps][native_default] [data.json][tileset.native_layout] error: native layout requires an external default map sheet
[13:44:42] [ERROR] [maps][native_default] [data.json][tileset.native_layout] error: expected boolean
[13:44:42] [INFO] [maps] scanning maps/ for custom maps
[13:44:42] [INFO] [maps][basketsword] scanning folder: maps\basketsword
[13:44:42] [INFO] [maps][basketsword] loading json: maps\basketsword\data.json
[13:44:42] [INFO] [maps][basketsword] loading map: maps\basketsword\data.map
[13:44:42] [WARN] [maps][basketsword] warning: map has only one source room
[13:44:42] [INFO] [maps][basketsword] registered: name="basketsword" author="loaf" source_rooms=1 final_rooms=1 mode=swords native_reset_spawners<=7 k_markers=0
[13:44:42] [INFO] [maps][example_map] scanning folder: maps\example_map
[13:44:42] [INFO] [maps][example_map] loading json: maps\example_map\data.json
[13:44:42] [INFO] [maps][example_map] loading map: maps\example_map\data.map
[13:44:42] [WARN] [maps][example_map] [data.json][rooms.center.appearance] warning: primary and mirror define duplicate explicit colours
[13:44:42] [WARN] [maps][example_map] [data.json][rooms.mid_1.appearance] warning: primary and mirror define duplicate explicit colours
[13:44:42] [WARN] [maps][example_map] [data.json][rooms.mid_2.appearance] warning: primary and mirror define duplicate explicit colours
[13:44:42] [WARN] [maps][example_map] [data.json][rooms.outer_1.appearance] warning: primary and mirror define duplicate explicit colours
[13:44:42] [INFO] [maps][example_map] registered: name="Example Map" author="loaf" source_rooms=4 final_rooms=7 mode=swords K-room reset budget<=4/13 k_markers=1
[13:44:42] [INFO] [maps][flooded_caves] scanning folder: maps\flooded_caves
[13:44:42] [INFO] [maps][flooded_caves] loading json: maps\flooded_caves\data.json
[13:44:42] [INFO] [maps][flooded_caves] loading map: maps\flooded_caves\data.map
[13:44:42] [INFO] [maps][flooded_caves] registered: name="Flooded Caves" author="AtraxiA" source_rooms=5 final_rooms=9 mode=karate native_reset_spawners<=3 k_markers=0
[13:44:42] [INFO] [maps][leafy_greens] scanning folder: maps\leafy_greens
[13:44:42] [INFO] [maps][leafy_greens] loading json: maps\leafy_greens\data.json
[13:44:42] [INFO] [maps][leafy_greens] loading map: maps\leafy_greens\data.map
[13:44:42] [INFO] [maps][leafy_greens] registered: name="LEAFY GREENS" author="loaf" source_rooms=5 final_rooms=9 mode=swords native_reset_spawners<=6 k_markers=0
[13:44:42] [INFO] [maps][the big jump] scanning folder: maps\the big jump
[13:44:42] [INFO] [maps][the big jump] loading json: maps\the big jump\data.json
[13:44:42] [INFO] [maps][the big jump] loading map: maps\the big jump\data.map
[13:44:42] [INFO] [maps][big_jump] registered: name="The Big Jump" author="loaf" source_rooms=2 final_rooms=3 mode=swords native_reset_spawners<=25 k_markers=0
[13:44:42] [INFO] [maps][v2_online_identity_test_67652] scanning folder: maps\v2_online_identity_test_67652
[13:44:42] [INFO] [maps][v2_online_identity_test_67652] loading json: maps\v2_online_identity_test_67652\data.json
[13:44:42] [INFO] [maps][v2_online_identity_test_67652] loading map: maps\v2_online_identity_test_67652\data.map
[13:44:42] [WARN] [maps][v2_online_identity_test_67652] warning: map has only one source room
[13:44:42] [INFO] [maps][online_identity_test] registered: name="Online identity test" author="Test" source_rooms=1 final_rooms=1 mode=swords native_reset_spawners<=0 k_markers=0
[13:44:42] [INFO] [maps][v2_symbolic_demo] scanning folder: maps\v2_symbolic_demo
[13:44:42] [INFO] [maps][v2_symbolic_demo] loading json: maps\v2_symbolic_demo\data.json
[13:44:42] [INFO] [maps][v2_symbolic_demo] loading map: maps\v2_symbolic_demo\data.map
[13:44:42] [INFO] [maps][v2_symbolic_demo] registered: name="V2 Symbolic Tile Demo" author="Eggnogg+" source_rooms=2 final_rooms=3 mode=swords native_reset_spawners<=2 k_markers=0
[13:44:42] [INFO] [maps] registry ready: 7 custom maps (was 0)
[13:44:42] [INFO] [maps] detected maps/ change; rebuilding registry
[13:44:42] [INFO] [maps][basketsword] scanning folder: maps\basketsword
[13:44:42] [INFO] [maps][basketsword] loading json: maps\basketsword\data.json
[13:44:42] [INFO] [maps][basketsword] loading map: maps\basketsword\data.map
[13:44:42] [WARN] [maps][basketsword] warning: map has only one source room
[13:44:42] [INFO] [maps][basketsword] registered: name="basketsword" author="loaf" source_rooms=1 final_rooms=1 mode=swords native_reset_spawners<=7 k_markers=0
[13:44:42] [INFO] [maps][example_map] scanning folder: maps\example_map
[13:44:42] [INFO] [maps][example_map] loading json: maps\example_map\data.json
[13:44:42] [INFO] [maps][example_map] loading map: maps\example_map\data.map
[13:44:42] [WARN] [maps][example_map] [data.json][rooms.center.appearance] warning: primary and mirror define duplicate explicit colours
[13:44:42] [WARN] [maps][example_map] [data.json][rooms.mid_1.appearance] warning: primary and mirror define duplicate explicit colours
[13:44:42] [WARN] [maps][example_map] [data.json][rooms.mid_2.appearance] warning: primary and mirror define duplicate explicit colours
[13:44:42] [WARN] [maps][example_map] [data.json][rooms.outer_1.appearance] warning: primary and mirror define duplicate explicit colours
[13:44:42] [INFO] [maps][example_map] registered: name="Example Map" author="loaf" source_rooms=4 final_rooms=7 mode=swords K-room reset budget<=4/13 k_markers=1
[13:44:42] [INFO] [maps][flooded_caves] scanning folder: maps\flooded_caves
[13:44:42] [INFO] [maps][flooded_caves] loading json: maps\flooded_caves\data.json
[13:44:42] [INFO] [maps][flooded_caves] loading map: maps\flooded_caves\data.map
[13:44:42] [INFO] [maps][flooded_caves] registered: name="Flooded Caves" author="AtraxiA" source_rooms=5 final_rooms=9 mode=karate native_reset_spawners<=3 k_markers=0
[13:44:42] [INFO] [maps][leafy_greens] scanning folder: maps\leafy_greens
[13:44:42] [INFO] [maps][leafy_greens] loading json: maps\leafy_greens\data.json
[13:44:42] [INFO] [maps][leafy_greens] loading map: maps\leafy_greens\data.map
[13:44:42] [INFO] [maps][leafy_greens] registered: name="LEAFY GREENS" author="loaf" source_rooms=5 final_rooms=9 mode=swords native_reset_spawners<=6 k_markers=0
[13:44:42] [INFO] [maps][the big jump] scanning folder: maps\the big jump
[13:44:42] [INFO] [maps][the big jump] loading json: maps\the big jump\data.json
[13:44:42] [INFO] [maps][the big jump] loading map: maps\the big jump\data.map
[13:44:42] [INFO] [maps][big_jump] registered: name="The Big Jump" author="loaf" source_rooms=2 final_rooms=3 mode=swords native_reset_spawners<=25 k_markers=0
[13:44:42] [INFO] [maps][v2_online_identity_test_67652] scanning folder: maps\v2_online_identity_test_67652
[13:44:42] [INFO] [maps][v2_online_identity_test_67652] loading json: maps\v2_online_identity_test_67652\data.json
[13:44:42] [INFO] [maps][v2_online_identity_test_67652] loading map: maps\v2_online_identity_test_67652\data.map
[13:44:42] [WARN] [maps][v2_online_identity_test_67652] warning: map has only one source room
[13:44:42] [INFO] [maps][online_identity_test] registered: name="Online identity test" author="Test" source_rooms=1 final_rooms=1 mode=swords native_reset_spawners<=0 k_markers=0
[13:44:42] [INFO] [maps][v2_symbolic_demo] scanning folder: maps\v2_symbolic_demo
[13:44:42] [INFO] [maps][v2_symbolic_demo] loading json: maps\v2_symbolic_demo\data.json
[13:44:42] [INFO] [maps][v2_symbolic_demo] loading map: maps\v2_symbolic_demo\data.map
[13:44:42] [INFO] [maps][v2_symbolic_demo] registered: name="V2 Symbolic Tile Demo" author="Eggnogg+" source_rooms=2 final_rooms=3 mode=swords native_reset_spawners<=2 k_markers=0
[13:44:42] [INFO] [maps] registry reloaded: 7 custom maps (was 7)
[13:44:42] [INFO] [maps] scanning maps/ for custom maps
[13:44:42] [INFO] [maps][basketsword] scanning folder: maps\basketsword
[13:44:42] [INFO] [maps][basketsword] loading json: maps\basketsword\data.json
[13:44:42] [INFO] [maps][basketsword] loading map: maps\basketsword\data.map
[13:44:42] [WARN] [maps][basketsword] warning: map has only one source room
[13:44:42] [INFO] [maps][basketsword] registered: name="basketsword" author="loaf" source_rooms=1 final_rooms=1 mode=swords native_reset_spawners<=7 k_markers=0
[13:44:42] [INFO] [maps][example_map] scanning folder: maps\example_map
[13:44:42] [INFO] [maps][example_map] loading json: maps\example_map\data.json
[13:44:42] [INFO] [maps][example_map] loading map: maps\example_map\data.map
[13:44:42] [WARN] [maps][example_map] [data.json][rooms.center.appearance] warning: primary and mirror define duplicate explicit colours
[13:44:42] [WARN] [maps][example_map] [data.json][rooms.mid_1.appearance] warning: primary and mirror define duplicate explicit colours
[13:44:42] [WARN] [maps][example_map] [data.json][rooms.mid_2.appearance] warning: primary and mirror define duplicate explicit colours
[13:44:42] [WARN] [maps][example_map] [data.json][rooms.outer_1.appearance] warning: primary and mirror define duplicate explicit colours
[13:44:42] [INFO] [maps][example_map] registered: name="Example Map" author="loaf" source_rooms=4 final_rooms=7 mode=swords K-room reset budget<=4/13 k_markers=1
[13:44:42] [INFO] [maps][flooded_caves] scanning folder: maps\flooded_caves
[13:44:42] [INFO] [maps][flooded_caves] loading json: maps\flooded_caves\data.json
[13:44:42] [INFO] [maps][flooded_caves] loading map: maps\flooded_caves\data.map
[13:44:42] [INFO] [maps][flooded_caves] registered: name="Flooded Caves" author="AtraxiA" source_rooms=5 final_rooms=9 mode=karate native_reset_spawners<=3 k_markers=0
[13:44:42] [INFO] [maps][leafy_greens] scanning folder: maps\leafy_greens
[13:44:42] [INFO] [maps][leafy_greens] loading json: maps\leafy_greens\data.json
[13:44:42] [INFO] [maps][leafy_greens] loading map: maps\leafy_greens\data.map
[13:44:42] [INFO] [maps][leafy_greens] registered: name="LEAFY GREENS" author="loaf" source_rooms=5 final_rooms=9 mode=swords native_reset_spawners<=6 k_markers=0
[13:44:42] [INFO] [maps][the big jump] scanning folder: maps\the big jump
[13:44:42] [INFO] [maps][the big jump] loading json: maps\the big jump\data.json
[13:44:42] [INFO] [maps][the big jump] loading map: maps\the big jump\data.map
[13:44:42] [INFO] [maps][big_jump] registered: name="The Big Jump" author="loaf" source_rooms=2 final_rooms=3 mode=swords native_reset_spawners<=25 k_markers=0
[13:44:42] [INFO] [maps][v2_symbolic_demo] scanning folder: maps\v2_symbolic_demo
[13:44:42] [INFO] [maps][v2_symbolic_demo] loading json: maps\v2_symbolic_demo\data.json
[13:44:42] [INFO] [maps][v2_symbolic_demo] loading map: maps\v2_symbolic_demo\data.map
[13:44:42] [INFO] [maps][v2_symbolic_demo] registered: name="V2 Symbolic Tile Demo" author="Eggnogg+" source_rooms=2 final_rooms=3 mode=swords native_reset_spawners<=2 k_markers=0
[13:44:42] [INFO] [maps][v2_tileset_identity_test_67652] scanning folder: maps\v2_tileset_identity_test_67652
[13:44:42] [INFO] [maps][v2_tileset_identity_test_67652] loading json: maps\v2_tileset_identity_test_67652\data.json
[13:44:42] [INFO] [maps][v2_tileset_identity_test_67652] loading map: maps\v2_tileset_identity_test_67652\data.map
[13:44:42] [WARN] [maps][v2_tileset_identity_test_67652] warning: map has only one source room
[13:44:42] [INFO] [maps][tileset_identity_test] registered: name="Tileset identity test" author="Test" source_rooms=1 final_rooms=1 mode=swords native_reset_spawners<=0 k_markers=0
[13:44:42] [INFO] [maps] registry ready: 7 custom maps (was 0)
[13:44:42] [INFO] [maps] detected maps/ change; rebuilding registry
[13:44:42] [INFO] [maps][basketsword] scanning folder: maps\basketsword
[13:44:42] [INFO] [maps][basketsword] loading json: maps\basketsword\data.json
[13:44:42] [INFO] [maps][basketsword] loading map: maps\basketsword\data.map
[13:44:42] [WARN] [maps][basketsword] warning: map has only one source room
[13:44:42] [INFO] [maps][basketsword] registered: name="basketsword" author="loaf" source_rooms=1 final_rooms=1 mode=swords native_reset_spawners<=7 k_markers=0
[13:44:42] [INFO] [maps][example_map] scanning folder: maps\example_map
[13:44:42] [INFO] [maps][example_map] loading json: maps\example_map\data.json
[13:44:42] [INFO] [maps][example_map] loading map: maps\example_map\data.map
[13:44:42] [WARN] [maps][example_map] [data.json][rooms.center.appearance] warning: primary and mirror define duplicate explicit colours
[13:44:42] [WARN] [maps][example_map] [data.json][rooms.mid_1.appearance] warning: primary and mirror define duplicate explicit colours
[13:44:42] [WARN] [maps][example_map] [data.json][rooms.mid_2.appearance] warning: primary and mirror define duplicate explicit colours
[13:44:42] [WARN] [maps][example_map] [data.json][rooms.outer_1.appearance] warning: primary and mirror define duplicate explicit colours
[13:44:42] [INFO] [maps][example_map] registered: name="Example Map" author="loaf" source_rooms=4 final_rooms=7 mode=swords K-room reset budget<=4/13 k_markers=1
[13:44:42] [INFO] [maps][flooded_caves] scanning folder: maps\flooded_caves
[13:44:42] [INFO] [maps][flooded_caves] loading json: maps\flooded_caves\data.json
[13:44:42] [INFO] [maps][flooded_caves] loading map: maps\flooded_caves\data.map
[13:44:42] [INFO] [maps][flooded_caves] registered: name="Flooded Caves" author="AtraxiA" source_rooms=5 final_rooms=9 mode=karate native_reset_spawners<=3 k_markers=0
[13:44:42] [INFO] [maps][leafy_greens] scanning folder: maps\leafy_greens
[13:44:42] [INFO] [maps][leafy_greens] loading json: maps\leafy_greens\data.json
[13:44:42] [INFO] [maps][leafy_greens] loading map: maps\leafy_greens\data.map
[13:44:42] [INFO] [maps][leafy_greens] registered: name="LEAFY GREENS" author="loaf" source_rooms=5 final_rooms=9 mode=swords native_reset_spawners<=6 k_markers=0
[13:44:42] [INFO] [maps][the big jump] scanning folder: maps\the big jump
[13:44:42] [INFO] [maps][the big jump] loading json: maps\the big jump\data.json
[13:44:42] [INFO] [maps][the big jump] loading map: maps\the big jump\data.map
[13:44:42] [INFO] [maps][big_jump] registered: name="The Big Jump" author="loaf" source_rooms=2 final_rooms=3 mode=swords native_reset_spawners<=25 k_markers=0
[13:44:42] [INFO] [maps][v2_symbolic_demo] scanning folder: maps\v2_symbolic_demo
[13:44:42] [INFO] [maps][v2_symbolic_demo] loading json: maps\v2_symbolic_demo\data.json
[13:44:42] [INFO] [maps][v2_symbolic_demo] loading map: maps\v2_symbolic_demo\data.map
[13:44:42] [INFO] [maps][v2_symbolic_demo] registered: name="V2 Symbolic Tile Demo" author="Eggnogg+" source_rooms=2 final_rooms=3 mode=swords native_reset_spawners<=2 k_markers=0
[13:44:42] [INFO] [maps][v2_tileset_identity_test_67652] scanning folder: maps\v2_tileset_identity_test_67652
[13:44:42] [INFO] [maps][v2_tileset_identity_test_67652] loading json: maps\v2_tileset_identity_test_67652\data.json
[13:44:42] [INFO] [maps][v2_tileset_identity_test_67652] loading map: maps\v2_tileset_identity_test_67652\data.map
[13:44:42] [WARN] [maps][v2_tileset_identity_test_67652] warning: map has only one source room
[13:44:42] [INFO] [maps][tileset_identity_test] registered: name="Tileset identity test" author="Test" source_rooms=1 final_rooms=1 mode=swords native_reset_spawners<=0 k_markers=0
[13:44:42] [INFO] [maps] registry reloaded: 7 custom maps (was 7)
[13:44:42] [INFO] [maps] detected maps/ change; rebuilding registry
[13:44:42] [INFO] [maps][basketsword] scanning folder: maps\basketsword
[13:44:42] [INFO] [maps][basketsword] loading json: maps\basketsword\data.json
[13:44:42] [INFO] [maps][basketsword] loading map: maps\basketsword\data.map
[13:44:42] [WARN] [maps][basketsword] warning: map has only one source room
[13:44:42] [INFO] [maps][basketsword] registered: name="basketsword" author="loaf" source_rooms=1 final_rooms=1 mode=swords native_reset_spawners<=7 k_markers=0
[13:44:42] [INFO] [maps][example_map] scanning folder: maps\example_map
[13:44:42] [INFO] [maps][example_map] loading json: maps\example_map\data.json
[13:44:42] [INFO] [maps][example_map] loading map: maps\example_map\data.map
[13:44:42] [WARN] [maps][example_map] [data.json][rooms.center.appearance] warning: primary and mirror define duplicate explicit colours
[13:44:42] [WARN] [maps][example_map] [data.json][rooms.mid_1.appearance] warning: primary and mirror define duplicate explicit colours
[13:44:42] [WARN] [maps][example_map] [data.json][rooms.mid_2.appearance] warning: primary and mirror define duplicate explicit colours
[13:44:42] [WARN] [maps][example_map] [data.json][rooms.outer_1.appearance] warning: primary and mirror define duplicate explicit colours
[13:44:42] [INFO] [maps][example_map] registered: name="Example Map" author="loaf" source_rooms=4 final_rooms=7 mode=swords K-room reset budget<=4/13 k_markers=1
[13:44:42] [INFO] [maps][flooded_caves] scanning folder: maps\flooded_caves
[13:44:42] [INFO] [maps][flooded_caves] loading json: maps\flooded_caves\data.json
[13:44:42] [INFO] [maps][flooded_caves] loading map: maps\flooded_caves\data.map
[13:44:42] [INFO] [maps][flooded_caves] registered: name="Flooded Caves" author="AtraxiA" source_rooms=5 final_rooms=9 mode=karate native_reset_spawners<=3 k_markers=0
[13:44:42] [INFO] [maps][leafy_greens] scanning folder: maps\leafy_greens
[13:44:42] [INFO] [maps][leafy_greens] loading json: maps\leafy_greens\data.json
[13:44:42] [INFO] [maps][leafy_greens] loading map: maps\leafy_greens\data.map
[13:44:42] [INFO] [maps][leafy_greens] registered: name="LEAFY GREENS" author="loaf" source_rooms=5 final_rooms=9 mode=swords native_reset_spawners<=6 k_markers=0
[13:44:42] [INFO] [maps][the big jump] scanning folder: maps\the big jump
[13:44:42] [INFO] [maps][the big jump] loading json: maps\the big jump\data.json
[13:44:42] [INFO] [maps][the big jump] loading map: maps\the big jump\data.map
[13:44:42] [INFO] [maps][big_jump] registered: name="The Big Jump" author="loaf" source_rooms=2 final_rooms=3 mode=swords native_reset_spawners<=25 k_markers=0
[13:44:42] [INFO] [maps][v2_symbolic_demo] scanning folder: maps\v2_symbolic_demo
[13:44:42] [INFO] [maps][v2_symbolic_demo] loading json: maps\v2_symbolic_demo\data.json
[13:44:42] [INFO] [maps][v2_symbolic_demo] loading map: maps\v2_symbolic_demo\data.map
[13:44:42] [INFO] [maps][v2_symbolic_demo] registered: name="V2 Symbolic Tile Demo" author="Eggnogg+" source_rooms=2 final_rooms=3 mode=swords native_reset_spawners<=2 k_markers=0
[13:44:42] [INFO] [maps][v2_tileset_identity_test_67652] scanning folder: maps\v2_tileset_identity_test_67652
[13:44:42] [INFO] [maps][v2_tileset_identity_test_67652] loading json: maps\v2_tileset_identity_test_67652\data.json
[13:44:42] [INFO] [maps][v2_tileset_identity_test_67652] loading map: maps\v2_tileset_identity_test_67652\data.map
[13:44:42] [WARN] [maps][v2_tileset_identity_test_67652] warning: map has only one source room
[13:44:42] [INFO] [maps][tileset_identity_test] registered: name="Tileset identity test" author="Test" source_rooms=1 final_rooms=1 mode=swords native_reset_spawners<=0 k_markers=0
[13:44:42] [INFO] [maps] registry reloaded: 7 custom maps (was 7)
[13:44:42] [INFO] [maps] detected maps/ change; rebuilding registry
[13:44:42] [INFO] [maps][basketsword] scanning folder: maps\basketsword
[13:44:42] [INFO] [maps][basketsword] loading json: maps\basketsword\data.json
[13:44:42] [INFO] [maps][basketsword] loading map: maps\basketsword\data.map
[13:44:42] [WARN] [maps][basketsword] warning: map has only one source room
[13:44:42] [INFO] [maps][basketsword] registered: name="basketsword" author="loaf" source_rooms=1 final_rooms=1 mode=swords native_reset_spawners<=7 k_markers=0
[13:44:42] [INFO] [maps][example_map] scanning folder: maps\example_map
[13:44:42] [INFO] [maps][example_map] loading json: maps\example_map\data.json
[13:44:42] [INFO] [maps][example_map] loading map: maps\example_map\data.map
[13:44:42] [WARN] [maps][example_map] [data.json][rooms.center.appearance] warning: primary and mirror define duplicate explicit colours
[13:44:42] [WARN] [maps][example_map] [data.json][rooms.mid_1.appearance] warning: primary and mirror define duplicate explicit colours
[13:44:42] [WARN] [maps][example_map] [data.json][rooms.mid_2.appearance] warning: primary and mirror define duplicate explicit colours
[13:44:42] [WARN] [maps][example_map] [data.json][rooms.outer_1.appearance] warning: primary and mirror define duplicate explicit colours
[13:44:42] [INFO] [maps][example_map] registered: name="Example Map" author="loaf" source_rooms=4 final_rooms=7 mode=swords K-room reset budget<=4/13 k_markers=1
[13:44:42] [INFO] [maps][flooded_caves] scanning folder: maps\flooded_caves
[13:44:42] [INFO] [maps][flooded_caves] loading json: maps\flooded_caves\data.json
[13:44:42] [INFO] [maps][flooded_caves] loading map: maps\flooded_caves\data.map
[13:44:42] [INFO] [maps][flooded_caves] registered: name="Flooded Caves" author="AtraxiA" source_rooms=5 final_rooms=9 mode=karate native_reset_spawners<=3 k_markers=0
[13:44:42] [INFO] [maps][leafy_greens] scanning folder: maps\leafy_greens
[13:44:42] [INFO] [maps][leafy_greens] loading json: maps\leafy_greens\data.json
[13:44:42] [INFO] [maps][leafy_greens] loading map: maps\leafy_greens\data.map
[13:44:42] [INFO] [maps][leafy_greens] registered: name="LEAFY GREENS" author="loaf" source_rooms=5 final_rooms=9 mode=swords native_reset_spawners<=6 k_markers=0
[13:44:42] [INFO] [maps][the big jump] scanning folder: maps\the big jump
[13:44:42] [INFO] [maps][the big jump] loading json: maps\the big jump\data.json
[13:44:42] [INFO] [maps][the big jump] loading map: maps\the big jump\data.map
[13:44:42] [INFO] [maps][big_jump] registered: name="The Big Jump" author="loaf" source_rooms=2 final_rooms=3 mode=swords native_reset_spawners<=25 k_markers=0
[13:44:42] [INFO] [maps][v2_symbolic_demo] scanning folder: maps\v2_symbolic_demo
[13:44:42] [INFO] [maps][v2_symbolic_demo] loading json: maps\v2_symbolic_demo\data.json
[13:44:42] [INFO] [maps][v2_symbolic_demo] loading map: maps\v2_symbolic_demo\data.map
[13:44:42] [INFO] [maps][v2_symbolic_demo] registered: name="V2 Symbolic Tile Demo" author="Eggnogg+" source_rooms=2 final_rooms=3 mode=swords native_reset_spawners<=2 k_markers=0
[13:44:42] [INFO] [maps][v2_tileset_identity_test_67652] scanning folder: maps\v2_tileset_identity_test_67652
[13:44:42] [INFO] [maps][v2_tileset_identity_test_67652] loading json: maps\v2_tileset_identity_test_67652\data.json
[13:44:42] [INFO] [maps][v2_tileset_identity_test_67652] loading map: maps\v2_tileset_identity_test_67652\data.map
[13:44:42] [WARN] [maps][v2_tileset_identity_test_67652] warning: map has only one source room
[13:44:42] [INFO] [maps][tileset_identity_test] registered: name="Tileset identity test" author="Test" source_rooms=1 final_rooms=1 mode=swords native_reset_spawners<=0 k_markers=0
[13:44:42] [INFO] [maps] registry reloaded: 7 custom maps (was 7)
[13:44:42] [WARN] [maps][script_test] warning: map has only one source room
[13:44:42] [WARN] [maps][script_test] warning: map has only one source room
[13:44:42] [WARN] [maps][script_test] warning: map has only one source room
[13:44:42] [WARN] [maps][script_test] warning: map has only one source room
[13:44:42] [WARN] [maps][script_test] warning: map has only one source room
[13:44:42] [ERROR] [maps][script_test] [map.lua] error: could not compile map.lua: ...in\eggnoggplus-win\build\map_script_package_test\map.lua:2: <name> or '...' expected near '<eof>'
[13:44:42] [WARN] [maps][script_test] warning: map has only one source room
[13:44:42] [ERROR] [maps][script_test] [map.lua] error: could not initialize map.lua: ...in\eggnoggplus-win\build\map_script_package_test\map.lua:1: callback references an unknown map tile
[13:44:42] [WARN] [maps][script_test] warning: map has only one source room
[13:44:42] [ERROR] [maps][script_test] [map.lua] error: scripts require eggnogg-map/v2
[13:44:42] [WARN] [maps][script_test] warning: map has only one source room
[13:44:42] [ERROR] [maps][script_test] [map.lua] error: file exceeds its package byte limit
[13:44:42] [WARN] [maps][script_test] warning: map has only one source room
[13:44:42] [ERROR] [maps][script_test] [map.lua] error: script must be a direct, regular, non-reparse file
[13:44:42] [INFO] [maps] scanning maps/ for custom maps
[13:44:42] [INFO] [maps][basketsword] scanning folder: maps\basketsword
[13:44:42] [INFO] [maps][basketsword] loading json: maps\basketsword\data.json
[13:44:42] [INFO] [maps][basketsword] loading map: maps\basketsword\data.map
[13:44:42] [WARN] [maps][basketsword] warning: map has only one source room
[13:44:42] [INFO] [maps][basketsword] registered: name="basketsword" author="loaf" source_rooms=1 final_rooms=1 mode=swords native_reset_spawners<=7 k_markers=0
[13:44:42] [INFO] [maps][example_map] scanning folder: maps\example_map
[13:44:42] [INFO] [maps][example_map] loading json: maps\example_map\data.json
[13:44:42] [INFO] [maps][example_map] loading map: maps\example_map\data.map
[13:44:42] [WARN] [maps][example_map] [data.json][rooms.center.appearance] warning: primary and mirror define duplicate explicit colours
[13:44:42] [WARN] [maps][example_map] [data.json][rooms.mid_1.appearance] warning: primary and mirror define duplicate explicit colours
[13:44:42] [WARN] [maps][example_map] [data.json][rooms.mid_2.appearance] warning: primary and mirror define duplicate explicit colours
[13:44:42] [WARN] [maps][example_map] [data.json][rooms.outer_1.appearance] warning: primary and mirror define duplicate explicit colours
[13:44:42] [INFO] [maps][example_map] registered: name="Example Map" author="loaf" source_rooms=4 final_rooms=7 mode=swords K-room reset budget<=4/13 k_markers=1
[13:44:42] [INFO] [maps][flooded_caves] scanning folder: maps\flooded_caves
[13:44:42] [INFO] [maps][flooded_caves] loading json: maps\flooded_caves\data.json
[13:44:42] [INFO] [maps][flooded_caves] loading map: maps\flooded_caves\data.map
[13:44:42] [INFO] [maps][flooded_caves] registered: name="Flooded Caves" author="AtraxiA" source_rooms=5 final_rooms=9 mode=karate native_reset_spawners<=3 k_markers=0
[13:44:42] [INFO] [maps][leafy_greens] scanning folder: maps\leafy_greens
[13:44:42] [INFO] [maps][leafy_greens] loading json: maps\leafy_greens\data.json
[13:44:42] [INFO] [maps][leafy_greens] loading map: maps\leafy_greens\data.map
[13:44:42] [INFO] [maps][leafy_greens] registered: name="LEAFY GREENS" author="loaf" source_rooms=5 final_rooms=9 mode=swords native_reset_spawners<=6 k_markers=0
[13:44:42] [INFO] [maps][the big jump] scanning folder: maps\the big jump
[13:44:42] [INFO] [maps][the big jump] loading json: maps\the big jump\data.json
[13:44:42] [INFO] [maps][the big jump] loading map: maps\the big jump\data.map
[13:44:42] [INFO] [maps][big_jump] registered: name="The Big Jump" author="loaf" source_rooms=2 final_rooms=3 mode=swords native_reset_spawners<=25 k_markers=0
[13:44:42] [INFO] [maps][v2_script_identity_test_67652] scanning folder: maps\v2_script_identity_test_67652
[13:44:42] [INFO] [maps][v2_script_identity_test_67652] loading json: maps\v2_script_identity_test_67652\data.json
[13:44:42] [INFO] [maps][v2_script_identity_test_67652] loading map: maps\v2_script_identity_test_67652\data.map
[13:44:42] [WARN] [maps][v2_script_identity_test_67652] warning: map has only one source room
[13:44:42] [INFO] [maps][script_identity_test] registered: name="Script identity test" author="Test" source_rooms=1 final_rooms=1 mode=swords native_reset_spawners<=0 k_markers=0
[13:44:42] [INFO] [maps][v2_symbolic_demo] scanning folder: maps\v2_symbolic_demo
[13:44:42] [INFO] [maps][v2_symbolic_demo] loading json: maps\v2_symbolic_demo\data.json
[13:44:42] [INFO] [maps][v2_symbolic_demo] loading map: maps\v2_symbolic_demo\data.map
[13:44:42] [INFO] [maps][v2_symbolic_demo] registered: name="V2 Symbolic Tile Demo" author="Eggnogg+" source_rooms=2 final_rooms=3 mode=swords native_reset_spawners<=2 k_markers=0
[13:44:42] [INFO] [maps] registry ready: 7 custom maps (was 0)
[13:44:42] [INFO] [maps] detected maps/ change; rebuilding registry
[13:44:42] [INFO] [maps][basketsword] scanning folder: maps\basketsword
[13:44:42] [INFO] [maps][basketsword] loading json: maps\basketsword\data.json
[13:44:42] [INFO] [maps][basketsword] loading map: maps\basketsword\data.map
[13:44:42] [WARN] [maps][basketsword] warning: map has only one source room
[13:44:42] [INFO] [maps][basketsword] registered: name="basketsword" author="loaf" source_rooms=1 final_rooms=1 mode=swords native_reset_spawners<=7 k_markers=0
[13:44:42] [INFO] [maps][example_map] scanning folder: maps\example_map
[13:44:42] [INFO] [maps][example_map] loading json: maps\example_map\data.json
[13:44:42] [INFO] [maps][example_map] loading map: maps\example_map\data.map
[13:44:42] [WARN] [maps][example_map] [data.json][rooms.center.appearance] warning: primary and mirror define duplicate explicit colours
[13:44:42] [WARN] [maps][example_map] [data.json][rooms.mid_1.appearance] warning: primary and mirror define duplicate explicit colours
[13:44:42] [WARN] [maps][example_map] [data.json][rooms.mid_2.appearance] warning: primary and mirror define duplicate explicit colours
[13:44:42] [WARN] [maps][example_map] [data.json][rooms.outer_1.appearance] warning: primary and mirror define duplicate explicit colours
[13:44:42] [INFO] [maps][example_map] registered: name="Example Map" author="loaf" source_rooms=4 final_rooms=7 mode=swords K-room reset budget<=4/13 k_markers=1
[13:44:42] [INFO] [maps][flooded_caves] scanning folder: maps\flooded_caves
[13:44:42] [INFO] [maps][flooded_caves] loading json: maps\flooded_caves\data.json
[13:44:42] [INFO] [maps][flooded_caves] loading map: maps\flooded_caves\data.map
[13:44:42] [INFO] [maps][flooded_caves] registered: name="Flooded Caves" author="AtraxiA" source_rooms=5 final_rooms=9 mode=karate native_reset_spawners<=3 k_markers=0
[13:44:42] [INFO] [maps][leafy_greens] scanning folder: maps\leafy_greens
[13:44:42] [INFO] [maps][leafy_greens] loading json: maps\leafy_greens\data.json
[13:44:42] [INFO] [maps][leafy_greens] loading map: maps\leafy_greens\data.map
[13:44:42] [INFO] [maps][leafy_greens] registered: name="LEAFY GREENS" author="loaf" source_rooms=5 final_rooms=9 mode=swords native_reset_spawners<=6 k_markers=0
[13:44:42] [INFO] [maps][the big jump] scanning folder: maps\the big jump
[13:44:42] [INFO] [maps][the big jump] loading json: maps\the big jump\data.json
[13:44:42] [INFO] [maps][the big jump] loading map: maps\the big jump\data.map
[13:44:42] [INFO] [maps][big_jump] registered: name="The Big Jump" author="loaf" source_rooms=2 final_rooms=3 mode=swords native_reset_spawners<=25 k_markers=0
[13:44:42] [INFO] [maps][v2_script_identity_test_67652] scanning folder: maps\v2_script_identity_test_67652
[13:44:42] [INFO] [maps][v2_script_identity_test_67652] loading json: maps\v2_script_identity_test_67652\data.json
[13:44:42] [INFO] [maps][v2_script_identity_test_67652] loading map: maps\v2_script_identity_test_67652\data.map
[13:44:42] [WARN] [maps][v2_script_identity_test_67652] warning: map has only one source room
[13:44:42] [INFO] [maps][script_identity_test] registered: name="Script identity test" author="Test" source_rooms=1 final_rooms=1 mode=swords native_reset_spawners<=0 k_markers=0
[13:44:42] [INFO] [maps][v2_symbolic_demo] scanning folder: maps\v2_symbolic_demo
[13:44:42] [INFO] [maps][v2_symbolic_demo] loading json: maps\v2_symbolic_demo\data.json
[13:44:42] [INFO] [maps][v2_symbolic_demo] loading map: maps\v2_symbolic_demo\data.map
[13:44:42] [INFO] [maps][v2_symbolic_demo] registered: name="V2 Symbolic Tile Demo" author="Eggnogg+" source_rooms=2 final_rooms=3 mode=swords native_reset_spawners<=2 k_markers=0
[13:44:42] [INFO] [maps] registry reloaded: 7 custom maps (was 7)
[13:44:42] [INFO] [maps] detected maps/ change; rebuilding registry
[13:44:42] [INFO] [maps][basketsword] scanning folder: maps\basketsword
[13:44:42] [INFO] [maps][basketsword] loading json: maps\basketsword\data.json
[13:44:42] [INFO] [maps][basketsword] loading map: maps\basketsword\data.map
[13:44:42] [WARN] [maps][basketsword] warning: map has only one source room
[13:44:42] [INFO] [maps][basketsword] registered: name="basketsword" author="loaf" source_rooms=1 final_rooms=1 mode=swords native_reset_spawners<=7 k_markers=0
[13:44:42] [INFO] [maps][example_map] scanning folder: maps\example_map
[13:44:42] [INFO] [maps][example_map] loading json: maps\example_map\data.json
[13:44:42] [INFO] [maps][example_map] loading map: maps\example_map\data.map
[13:44:42] [WARN] [maps][example_map] [data.json][rooms.center.appearance] warning: primary and mirror define duplicate explicit colours
[13:44:42] [WARN] [maps][example_map] [data.json][rooms.mid_1.appearance] warning: primary and mirror define duplicate explicit colours
[13:44:42] [WARN] [maps][example_map] [data.json][rooms.mid_2.appearance] warning: primary and mirror define duplicate explicit colours
[13:44:42] [WARN] [maps][example_map] [data.json][rooms.outer_1.appearance] warning: primary and mirror define duplicate explicit colours
[13:44:42] [INFO] [maps][example_map] registered: name="Example Map" author="loaf" source_rooms=4 final_rooms=7 mode=swords K-room reset budget<=4/13 k_markers=1
[13:44:42] [INFO] [maps][flooded_caves] scanning folder: maps\flooded_caves
[13:44:42] [INFO] [maps][flooded_caves] loading json: maps\flooded_caves\data.json
[13:44:42] [INFO] [maps][flooded_caves] loading map: maps\flooded_caves\data.map
[13:44:42] [INFO] [maps][flooded_caves] registered: name="Flooded Caves" author="AtraxiA" source_rooms=5 final_rooms=9 mode=karate native_reset_spawners<=3 k_markers=0
[13:44:42] [INFO] [maps][leafy_greens] scanning folder: maps\leafy_greens
[13:44:42] [INFO] [maps][leafy_greens] loading json: maps\leafy_greens\data.json
[13:44:42] [INFO] [maps][leafy_greens] loading map: maps\leafy_greens\data.map
[13:44:42] [INFO] [maps][leafy_greens] registered: name="LEAFY GREENS" author="loaf" source_rooms=5 final_rooms=9 mode=swords native_reset_spawners<=6 k_markers=0
[13:44:42] [INFO] [maps][the big jump] scanning folder: maps\the big jump
[13:44:42] [INFO] [maps][the big jump] loading json: maps\the big jump\data.json
[13:44:42] [INFO] [maps][the big jump] loading map: maps\the big jump\data.map
[13:44:42] [INFO] [maps][big_jump] registered: name="The Big Jump" author="loaf" source_rooms=2 final_rooms=3 mode=swords native_reset_spawners<=25 k_markers=0
[13:44:42] [INFO] [maps][v2_script_identity_test_67652] scanning folder: maps\v2_script_identity_test_67652
[13:44:42] [INFO] [maps][v2_script_identity_test_67652] loading json: maps\v2_script_identity_test_67652\data.json
[13:44:42] [INFO] [maps][v2_script_identity_test_67652] loading map: maps\v2_script_identity_test_67652\data.map
[13:44:42] [WARN] [maps][v2_script_identity_test_67652] warning: map has only one source room
[13:44:42] [ERROR] [maps][v2_script_identity_test_67652] [map.lua] error: could not compile map.lua: ...gnoggplus-win\maps\v2_script_identity_test_67652\map.lua:1: <name> or '...' expected near '<eof>'
[13:44:42] [ERROR] [maps][v2_script_identity_test_67652] map rejected: 1 errors, 1 warnings
[13:44:42] [INFO] [maps][v2_symbolic_demo] scanning folder: maps\v2_symbolic_demo
[13:44:42] [INFO] [maps][v2_symbolic_demo] loading json: maps\v2_symbolic_demo\data.json
[13:44:42] [INFO] [maps][v2_symbolic_demo] loading map: maps\v2_symbolic_demo\data.map
[13:44:42] [INFO] [maps][v2_symbolic_demo] registered: name="V2 Symbolic Tile Demo" author="Eggnogg+" source_rooms=2 final_rooms=3 mode=swords native_reset_spawners<=2 k_markers=0
[13:44:42] [ERROR] [maps] reload rejected because a previously valid package is now invalid (1 rejected); keeping last known-good registry
[13:44:42] [INFO] [maps] detected maps/ change; rebuilding registry
[13:44:42] [INFO] [maps][basketsword] scanning folder: maps\basketsword
[13:44:42] [INFO] [maps][basketsword] loading json: maps\basketsword\data.json
[13:44:42] [INFO] [maps][basketsword] loading map: maps\basketsword\data.map
[13:44:42] [WARN] [maps][basketsword] warning: map has only one source room
[13:44:42] [INFO] [maps][basketsword] registered: name="basketsword" author="loaf" source_rooms=1 final_rooms=1 mode=swords native_reset_spawners<=7 k_markers=0
[13:44:42] [INFO] [maps][example_map] scanning folder: maps\example_map
[13:44:42] [INFO] [maps][example_map] loading json: maps\example_map\data.json
[13:44:42] [INFO] [maps][example_map] loading map: maps\example_map\data.map
[13:44:42] [WARN] [maps][example_map] [data.json][rooms.center.appearance] warning: primary and mirror define duplicate explicit colours
[13:44:42] [WARN] [maps][example_map] [data.json][rooms.mid_1.appearance] warning: primary and mirror define duplicate explicit colours
[13:44:42] [WARN] [maps][example_map] [data.json][rooms.mid_2.appearance] warning: primary and mirror define duplicate explicit colours
[13:44:42] [WARN] [maps][example_map] [data.json][rooms.outer_1.appearance] warning: primary and mirror define duplicate explicit colours
[13:44:42] [INFO] [maps][example_map] registered: name="Example Map" author="loaf" source_rooms=4 final_rooms=7 mode=swords K-room reset budget<=4/13 k_markers=1
[13:44:42] [INFO] [maps][flooded_caves] scanning folder: maps\flooded_caves
[13:44:42] [INFO] [maps][flooded_caves] loading json: maps\flooded_caves\data.json
[13:44:42] [INFO] [maps][flooded_caves] loading map: maps\flooded_caves\data.map
[13:44:42] [INFO] [maps][flooded_caves] registered: name="Flooded Caves" author="AtraxiA" source_rooms=5 final_rooms=9 mode=karate native_reset_spawners<=3 k_markers=0
[13:44:42] [INFO] [maps][leafy_greens] scanning folder: maps\leafy_greens
[13:44:42] [INFO] [maps][leafy_greens] loading json: maps\leafy_greens\data.json
[13:44:42] [INFO] [maps][leafy_greens] loading map: maps\leafy_greens\data.map
[13:44:42] [INFO] [maps][leafy_greens] registered: name="LEAFY GREENS" author="loaf" source_rooms=5 final_rooms=9 mode=swords native_reset_spawners<=6 k_markers=0
[13:44:42] [INFO] [maps][the big jump] scanning folder: maps\the big jump
[13:44:42] [INFO] [maps][the big jump] loading json: maps\the big jump\data.json
[13:44:42] [INFO] [maps][the big jump] loading map: maps\the big jump\data.map
[13:44:42] [INFO] [maps][big_jump] registered: name="The Big Jump" author="loaf" source_rooms=2 final_rooms=3 mode=swords native_reset_spawners<=25 k_markers=0
[13:44:42] [INFO] [maps][v2_script_identity_test_67652] scanning folder: maps\v2_script_identity_test_67652
[13:44:42] [INFO] [maps][v2_script_identity_test_67652] loading json: maps\v2_script_identity_test_67652\data.json
[13:44:42] [INFO] [maps][v2_script_identity_test_67652] loading map: maps\v2_script_identity_test_67652\data.map
[13:44:42] [WARN] [maps][v2_script_identity_test_67652] warning: map has only one source room
[13:44:42] [INFO] [maps][script_identity_test] registered: name="Script identity test" author="Test" source_rooms=1 final_rooms=1 mode=swords native_reset_spawners<=0 k_markers=0
[13:44:42] [INFO] [maps][v2_symbolic_demo] scanning folder: maps\v2_symbolic_demo
[13:44:42] [INFO] [maps][v2_symbolic_demo] loading json: maps\v2_symbolic_demo\data.json
[13:44:42] [INFO] [maps][v2_symbolic_demo] loading map: maps\v2_symbolic_demo\data.map
[13:44:42] [INFO] [maps][v2_symbolic_demo] registered: name="V2 Symbolic Tile Demo" author="Eggnogg+" source_rooms=2 final_rooms=3 mode=swords native_reset_spawners<=2 k_markers=0
[13:44:42] [INFO] [maps] registry reloaded: 7 custom maps (was 7)
[13:44:42] [WARN] [maps][entities] warning: map has only one source room
[13:44:42] [WARN] [maps][entities] warning: map has only one source room
[13:44:42] [ERROR] [maps][entities] [entities.json] error: scripts require eggnogg-map/v2
[13:44:42] [WARN] [maps][entities] warning: map has only one source room
[13:44:42] [ERROR] [maps][entities] [map.lua] error: $.schema: expected number
[13:44:42] [WARN] [maps][entities] warning: map has only one source room
[13:44:42] [ERROR] [maps][entities] [entities.json] error: script must be a direct, regular, non-reparse file
[13:44:42] [WARN] [maps][entities] warning: map has only one source room
[13:44:42] [INFO] [maps] scanning maps/ for custom maps
[13:44:42] [INFO] [maps][basketsword] scanning folder: maps\basketsword
[13:44:42] [INFO] [maps][basketsword] loading json: maps\basketsword\data.json
[13:44:42] [INFO] [maps][basketsword] loading map: maps\basketsword\data.map
[13:44:42] [WARN] [maps][basketsword] warning: map has only one source room
[13:44:42] [INFO] [maps][basketsword] registered: name="basketsword" author="loaf" source_rooms=1 final_rooms=1 mode=swords native_reset_spawners<=7 k_markers=0
[13:44:42] [INFO] [maps][entity_discovery_67652] scanning folder: maps\entity_discovery_67652
[13:44:42] [INFO] [maps][entity_discovery_67652] loading json: maps\entity_discovery_67652\data.json
[13:44:42] [INFO] [maps][entity_discovery_67652] loading map: maps\entity_discovery_67652\data.map
[13:44:42] [WARN] [maps][entity_discovery_67652] warning: map has only one source room
[13:44:42] [INFO] [maps][entity_discovery] registered: name="Entity discovery" author="Test" source_rooms=1 final_rooms=1 mode=swords native_reset_spawners<=0 k_markers=0
[13:44:42] [INFO] [maps][example_map] scanning folder: maps\example_map
[13:44:42] [INFO] [maps][example_map] loading json: maps\example_map\data.json
[13:44:42] [INFO] [maps][example_map] loading map: maps\example_map\data.map
[13:44:42] [WARN] [maps][example_map] [data.json][rooms.center.appearance] warning: primary and mirror define duplicate explicit colours
[13:44:42] [WARN] [maps][example_map] [data.json][rooms.mid_1.appearance] warning: primary and mirror define duplicate explicit colours
[13:44:42] [WARN] [maps][example_map] [data.json][rooms.mid_2.appearance] warning: primary and mirror define duplicate explicit colours
[13:44:42] [WARN] [maps][example_map] [data.json][rooms.outer_1.appearance] warning: primary and mirror define duplicate explicit colours
[13:44:42] [INFO] [maps][example_map] registered: name="Example Map" author="loaf" source_rooms=4 final_rooms=7 mode=swords K-room reset budget<=4/13 k_markers=1
[13:44:42] [INFO] [maps][flooded_caves] scanning folder: maps\flooded_caves
[13:44:42] [INFO] [maps][flooded_caves] loading json: maps\flooded_caves\data.json
[13:44:42] [INFO] [maps][flooded_caves] loading map: maps\flooded_caves\data.map
[13:44:42] [INFO] [maps][flooded_caves] registered: name="Flooded Caves" author="AtraxiA" source_rooms=5 final_rooms=9 mode=karate native_reset_spawners<=3 k_markers=0
[13:44:42] [INFO] [maps][leafy_greens] scanning folder: maps\leafy_greens
[13:44:42] [INFO] [maps][leafy_greens] loading json: maps\leafy_greens\data.json
[13:44:42] [INFO] [maps][leafy_greens] loading map: maps\leafy_greens\data.map
[13:44:42] [INFO] [maps][leafy_greens] registered: name="LEAFY GREENS" author="loaf" source_rooms=5 final_rooms=9 mode=swords native_reset_spawners<=6 k_markers=0
[13:44:42] [INFO] [maps][the big jump] scanning folder: maps\the big jump
[13:44:42] [INFO] [maps][the big jump] loading json: maps\the big jump\data.json
[13:44:42] [INFO] [maps][the big jump] loading map: maps\the big jump\data.map
[13:44:42] [INFO] [maps][big_jump] registered: name="The Big Jump" author="loaf" source_rooms=2 final_rooms=3 mode=swords native_reset_spawners<=25 k_markers=0
[13:44:42] [INFO] [maps][v2_symbolic_demo] scanning folder: maps\v2_symbolic_demo
[13:44:42] [INFO] [maps][v2_symbolic_demo] loading json: maps\v2_symbolic_demo\data.json
[13:44:42] [INFO] [maps][v2_symbolic_demo] loading map: maps\v2_symbolic_demo\data.map
[13:44:42] [INFO] [maps][v2_symbolic_demo] registered: name="V2 Symbolic Tile Demo" author="Eggnogg+" source_rooms=2 final_rooms=3 mode=swords native_reset_spawners<=2 k_markers=0
[13:44:42] [INFO] [maps] registry ready: 7 custom maps (was 0)
[13:44:42] [INFO] [maps] detected maps/ change; rebuilding registry
[13:44:42] [INFO] [maps][basketsword] scanning folder: maps\basketsword
[13:44:42] [INFO] [maps][basketsword] loading json: maps\basketsword\data.json
[13:44:42] [INFO] [maps][basketsword] loading map: maps\basketsword\data.map
[13:44:42] [WARN] [maps][basketsword] warning: map has only one source room
[13:44:42] [INFO] [maps][basketsword] registered: name="basketsword" author="loaf" source_rooms=1 final_rooms=1 mode=swords native_reset_spawners<=7 k_markers=0
[13:44:42] [INFO] [maps][entity_discovery_67652] scanning folder: maps\entity_discovery_67652
[13:44:42] [INFO] [maps][entity_discovery_67652] loading json: maps\entity_discovery_67652\data.json
[13:44:42] [INFO] [maps][entity_discovery_67652] loading map: maps\entity_discovery_67652\data.map
[13:44:42] [WARN] [maps][entity_discovery_67652] warning: map has only one source room
[13:44:42] [INFO] [maps][entity_discovery] registered: name="Entity discovery" author="Test" source_rooms=1 final_rooms=1 mode=swords native_reset_spawners<=0 k_markers=0
[13:44:42] [INFO] [maps][example_map] scanning folder: maps\example_map
[13:44:42] [INFO] [maps][example_map] loading json: maps\example_map\data.json
[13:44:42] [INFO] [maps][example_map] loading map: maps\example_map\data.map
[13:44:42] [WARN] [maps][example_map] [data.json][rooms.center.appearance] warning: primary and mirror define duplicate explicit colours
[13:44:42] [WARN] [maps][example_map] [data.json][rooms.mid_1.appearance] warning: primary and mirror define duplicate explicit colours
[13:44:42] [WARN] [maps][example_map] [data.json][rooms.mid_2.appearance] warning: primary and mirror define duplicate explicit colours
[13:44:42] [WARN] [maps][example_map] [data.json][rooms.outer_1.appearance] warning: primary and mirror define duplicate explicit colours
[13:44:42] [INFO] [maps][example_map] registered: name="Example Map" author="loaf" source_rooms=4 final_rooms=7 mode=swords K-room reset budget<=4/13 k_markers=1
[13:44:42] [INFO] [maps][flooded_caves] scanning folder: maps\flooded_caves
[13:44:42] [INFO] [maps][flooded_caves] loading json: maps\flooded_caves\data.json
[13:44:42] [INFO] [maps][flooded_caves] loading map: maps\flooded_caves\data.map
[13:44:42] [INFO] [maps][flooded_caves] registered: name="Flooded Caves" author="AtraxiA" source_rooms=5 final_rooms=9 mode=karate native_reset_spawners<=3 k_markers=0
[13:44:42] [INFO] [maps][leafy_greens] scanning folder: maps\leafy_greens
[13:44:42] [INFO] [maps][leafy_greens] loading json: maps\leafy_greens\data.json
[13:44:42] [INFO] [maps][leafy_greens] loading map: maps\leafy_greens\data.map
[13:44:42] [INFO] [maps][leafy_greens] registered: name="LEAFY GREENS" author="loaf" source_rooms=5 final_rooms=9 mode=swords native_reset_spawners<=6 k_markers=0
[13:44:42] [INFO] [maps][the big jump] scanning folder: maps\the big jump
[13:44:42] [INFO] [maps][the big jump] loading json: maps\the big jump\data.json
[13:44:42] [INFO] [maps][the big jump] loading map: maps\the big jump\data.map
[13:44:42] [INFO] [maps][big_jump] registered: name="The Big Jump" author="loaf" source_rooms=2 final_rooms=3 mode=swords native_reset_spawners<=25 k_markers=0
[13:44:42] [INFO] [maps][v2_symbolic_demo] scanning folder: maps\v2_symbolic_demo
[13:44:42] [INFO] [maps][v2_symbolic_demo] loading json: maps\v2_symbolic_demo\data.json
[13:44:42] [INFO] [maps][v2_symbolic_demo] loading map: maps\v2_symbolic_demo\data.map
[13:44:42] [INFO] [maps][v2_symbolic_demo] registered: name="V2 Symbolic Tile Demo" author="Eggnogg+" source_rooms=2 final_rooms=3 mode=swords native_reset_spawners<=2 k_markers=0
[13:44:42] [INFO] [maps] registry reloaded: 7 custom maps (was 7)
[13:44:42] [INFO] [maps] detected maps/ change; rebuilding registry
[13:44:42] [INFO] [maps][basketsword] scanning folder: maps\basketsword
[13:44:42] [INFO] [maps][basketsword] loading json: maps\basketsword\data.json
[13:44:42] [INFO] [maps][basketsword] loading map: maps\basketsword\data.map
[13:44:42] [WARN] [maps][basketsword] warning: map has only one source room
[13:44:42] [INFO] [maps][basketsword] registered: name="basketsword" author="loaf" source_rooms=1 final_rooms=1 mode=swords native_reset_spawners<=7 k_markers=0
[13:44:42] [INFO] [maps][example_map] scanning folder: maps\example_map
[13:44:42] [INFO] [maps][example_map] loading json: maps\example_map\data.json
[13:44:42] [INFO] [maps][example_map] loading map: maps\example_map\data.map
[13:44:42] [WARN] [maps][example_map] [data.json][rooms.center.appearance] warning: primary and mirror define duplicate explicit colours
[13:44:42] [WARN] [maps][example_map] [data.json][rooms.mid_1.appearance] warning: primary and mirror define duplicate explicit colours
[13:44:42] [WARN] [maps][example_map] [data.json][rooms.mid_2.appearance] warning: primary and mirror define duplicate explicit colours
[13:44:42] [WARN] [maps][example_map] [data.json][rooms.outer_1.appearance] warning: primary and mirror define duplicate explicit colours
[13:44:42] [INFO] [maps][example_map] registered: name="Example Map" author="loaf" source_rooms=4 final_rooms=7 mode=swords K-room reset budget<=4/13 k_markers=1
[13:44:42] [INFO] [maps][flooded_caves] scanning folder: maps\flooded_caves
[13:44:42] [INFO] [maps][flooded_caves] loading json: maps\flooded_caves\data.json
[13:44:42] [INFO] [maps][flooded_caves] loading map: maps\flooded_caves\data.map
[13:44:42] [INFO] [maps][flooded_caves] registered: name="Flooded Caves" author="AtraxiA" source_rooms=5 final_rooms=9 mode=karate native_reset_spawners<=3 k_markers=0
[13:44:42] [INFO] [maps][leafy_greens] scanning folder: maps\leafy_greens
[13:44:42] [INFO] [maps][leafy_greens] loading json: maps\leafy_greens\data.json
[13:44:42] [INFO] [maps][leafy_greens] loading map: maps\leafy_greens\data.map
[13:44:42] [INFO] [maps][leafy_greens] registered: name="LEAFY GREENS" author="loaf" source_rooms=5 final_rooms=9 mode=swords native_reset_spawners<=6 k_markers=0
[13:44:42] [INFO] [maps][the big jump] scanning folder: maps\the big jump
[13:44:42] [INFO] [maps][the big jump] loading json: maps\the big jump\data.json
[13:44:42] [INFO] [maps][the big jump] loading map: maps\the big jump\data.map
[13:44:42] [INFO] [maps][big_jump] registered: name="The Big Jump" author="loaf" source_rooms=2 final_rooms=3 mode=swords native_reset_spawners<=25 k_markers=0
[13:44:42] [INFO] [maps][v2_symbolic_demo] scanning folder: maps\v2_symbolic_demo
[13:44:42] [INFO] [maps][v2_symbolic_demo] loading json: maps\v2_symbolic_demo\data.json
[13:44:42] [INFO] [maps][v2_symbolic_demo] loading map: maps\v2_symbolic_demo\data.map
[13:44:42] [INFO] [maps][v2_symbolic_demo] registered: name="V2 Symbolic Tile Demo" author="Eggnogg+" source_rooms=2 final_rooms=3 mode=swords native_reset_spawners<=2 k_markers=0
[13:44:42] [INFO] [maps] registry reloaded: 6 custom maps (was 7)
[13:44:42] [INFO] [maps] detected maps/ change; rebuilding registry
[13:44:42] [INFO] [maps][basketsword] scanning folder: maps\basketsword
[13:44:42] [INFO] [maps][basketsword] loading json: maps\basketsword\data.json
[13:44:42] [INFO] [maps][basketsword] loading map: maps\basketsword\data.map
[13:44:42] [WARN] [maps][basketsword] warning: map has only one source room
[13:44:42] [INFO] [maps][basketsword] registered: name="basketsword" author="loaf" source_rooms=1 final_rooms=1 mode=swords native_reset_spawners<=7 k_markers=0
[13:44:42] [INFO] [maps][example_map] scanning folder: maps\example_map
[13:44:42] [INFO] [maps][example_map] loading json: maps\example_map\data.json
[13:44:42] [INFO] [maps][example_map] loading map: maps\example_map\data.map
[13:44:42] [WARN] [maps][example_map] [data.json][rooms.center.appearance] warning: primary and mirror define duplicate explicit colours
[13:44:42] [WARN] [maps][example_map] [data.json][rooms.mid_1.appearance] warning: primary and mirror define duplicate explicit colours
[13:44:42] [WARN] [maps][example_map] [data.json][rooms.mid_2.appearance] warning: primary and mirror define duplicate explicit colours
[13:44:42] [WARN] [maps][example_map] [data.json][rooms.outer_1.appearance] warning: primary and mirror define duplicate explicit colours
[13:44:42] [INFO] [maps][example_map] registered: name="Example Map" author="loaf" source_rooms=4 final_rooms=7 mode=swords K-room reset budget<=4/13 k_markers=1
[13:44:42] [INFO] [maps][flooded_caves] scanning folder: maps\flooded_caves
[13:44:42] [INFO] [maps][flooded_caves] loading json: maps\flooded_caves\data.json
[13:44:42] [INFO] [maps][flooded_caves] loading map: maps\flooded_caves\data.map
[13:44:42] [INFO] [maps][flooded_caves] registered: name="Flooded Caves" author="AtraxiA" source_rooms=5 final_rooms=9 mode=karate native_reset_spawners<=3 k_markers=0
[13:44:42] [INFO] [maps][leafy_greens] scanning folder: maps\leafy_greens
[13:44:42] [INFO] [maps][leafy_greens] loading json: maps\leafy_greens\data.json
[13:44:42] [INFO] [maps][leafy_greens] loading map: maps\leafy_greens\data.map
[13:44:42] [INFO] [maps][leafy_greens] registered: name="LEAFY GREENS" author="loaf" source_rooms=5 final_rooms=9 mode=swords native_reset_spawners<=6 k_markers=0
[13:44:42] [INFO] [maps][the big jump] scanning folder: maps\the big jump
[13:44:42] [INFO] [maps][the big jump] loading json: maps\the big jump\data.json
[13:44:42] [INFO] [maps][the big jump] loading map: maps\the big jump\data.map
[13:44:42] [INFO] [maps][big_jump] registered: name="The Big Jump" author="loaf" source_rooms=2 final_rooms=3 mode=swords native_reset_spawners<=25 k_markers=0
[13:44:42] [INFO] [maps][v2_symbolic_demo] scanning folder: maps\v2_symbolic_demo
[13:44:42] [INFO] [maps][v2_symbolic_demo] loading json: maps\v2_symbolic_demo\data.json
[13:44:42] [INFO] [maps][v2_symbolic_demo] loading map: maps\v2_symbolic_demo\data.map
[13:44:42] [INFO] [maps][v2_symbolic_demo] registered: name="V2 Symbolic Tile Demo" author="Eggnogg+" source_rooms=2 final_rooms=3 mode=swords native_reset_spawners<=2 k_markers=0
[13:44:42] [INFO] [maps][Map package] scanning folder: maps\zip_wrapper_67652\Extracted archive\Map package
[13:44:42] [INFO] [maps][Map package] loading json: maps\zip_wrapper_67652\Extracted archive\Map package\data.json
[13:44:42] [INFO] [maps][Map package] loading map: maps\zip_wrapper_67652\Extracted archive\Map package\data.map
[13:44:42] [WARN] [maps][Map package] warning: map has only one source room
[13:44:42] [INFO] [maps][nested_zip_fixture] registered: name="Nested ZIP Fixture" author="Test" source_rooms=1 final_rooms=1 mode=swords native_reset_spawners<=0 k_markers=0
[13:44:42] [INFO] [maps] registry reloaded: 7 custom maps (was 6)
[13:44:42] [INFO] [maps] detected maps/ change; rebuilding registry
[13:44:42] [INFO] [maps][basketsword] scanning folder: maps\basketsword
[13:44:42] [INFO] [maps][basketsword] loading json: maps\basketsword\data.json
[13:44:42] [INFO] [maps][basketsword] loading map: maps\basketsword\data.map
[13:44:42] [WARN] [maps][basketsword] warning: map has only one source room
[13:44:42] [INFO] [maps][basketsword] registered: name="basketsword" author="loaf" source_rooms=1 final_rooms=1 mode=swords native_reset_spawners<=7 k_markers=0
[13:44:42] [INFO] [maps][example_map] scanning folder: maps\example_map
[13:44:42] [INFO] [maps][example_map] loading json: maps\example_map\data.json
[13:44:42] [INFO] [maps][example_map] loading map: maps\example_map\data.map
[13:44:42] [WARN] [maps][example_map] [data.json][rooms.center.appearance] warning: primary and mirror define duplicate explicit colours
[13:44:42] [WARN] [maps][example_map] [data.json][rooms.mid_1.appearance] warning: primary and mirror define duplicate explicit colours
[13:44:42] [WARN] [maps][example_map] [data.json][rooms.mid_2.appearance] warning: primary and mirror define duplicate explicit colours
[13:44:42] [WARN] [maps][example_map] [data.json][rooms.outer_1.appearance] warning: primary and mirror define duplicate explicit colours
[13:44:42] [INFO] [maps][example_map] registered: name="Example Map" author="loaf" source_rooms=4 final_rooms=7 mode=swords K-room reset budget<=4/13 k_markers=1
[13:44:42] [INFO] [maps][flooded_caves] scanning folder: maps\flooded_caves
[13:44:42] [INFO] [maps][flooded_caves] loading json: maps\flooded_caves\data.json
[13:44:42] [INFO] [maps][flooded_caves] loading map: maps\flooded_caves\data.map
[13:44:42] [INFO] [maps][flooded_caves] registered: name="Flooded Caves" author="AtraxiA" source_rooms=5 final_rooms=9 mode=karate native_reset_spawners<=3 k_markers=0
[13:44:42] [INFO] [maps][leafy_greens] scanning folder: maps\leafy_greens
[13:44:42] [INFO] [maps][leafy_greens] loading json: maps\leafy_greens\data.json
[13:44:42] [INFO] [maps][leafy_greens] loading map: maps\leafy_greens\data.map
[13:44:42] [INFO] [maps][leafy_greens] registered: name="LEAFY GREENS" author="loaf" source_rooms=5 final_rooms=9 mode=swords native_reset_spawners<=6 k_markers=0
[13:44:42] [INFO] [maps][the big jump] scanning folder: maps\the big jump
[13:44:42] [INFO] [maps][the big jump] loading json: maps\the big jump\data.json
[13:44:42] [INFO] [maps][the big jump] loading map: maps\the big jump\data.map
[13:44:42] [INFO] [maps][big_jump] registered: name="The Big Jump" author="loaf" source_rooms=2 final_rooms=3 mode=swords native_reset_spawners<=25 k_markers=0
[13:44:42] [INFO] [maps][v2_symbolic_demo] scanning folder: maps\v2_symbolic_demo
[13:44:42] [INFO] [maps][v2_symbolic_demo] loading json: maps\v2_symbolic_demo\data.json
[13:44:42] [INFO] [maps][v2_symbolic_demo] loading map: maps\v2_symbolic_demo\data.map
[13:44:42] [INFO] [maps][v2_symbolic_demo] registered: name="V2 Symbolic Tile Demo" author="Eggnogg+" source_rooms=2 final_rooms=3 mode=swords native_reset_spawners<=2 k_markers=0
[13:44:42] [INFO] [maps][Map package] scanning folder: maps\zip_wrapper_67652\Extracted archive\Map package
[13:44:42] [INFO] [maps][Map package] loading json: maps\zip_wrapper_67652\Extracted archive\Map package\data.json
[13:44:42] [INFO] [maps][Map package] loading map: maps\zip_wrapper_67652\Extracted archive\Map package\data.map
[13:44:42] [WARN] [maps][Map package] warning: map has only one source room
[13:44:42] [INFO] [maps][nested_zip_fixture] registered: name="Nested ZIP Fixture" author="Test" source_rooms=1 final_rooms=1 mode=swords native_reset_spawners<=0 k_markers=0
[13:44:42] [INFO] [maps] registry reloaded: 7 custom maps (was 7)
[13:44:42] [INFO] [maps] detected maps/ change; rebuilding registry
[13:44:42] [INFO] [maps][basketsword] scanning folder: maps\basketsword
[13:44:42] [INFO] [maps][basketsword] loading json: maps\basketsword\data.json
[13:44:42] [INFO] [maps][basketsword] loading map: maps\basketsword\data.map
[13:44:42] [WARN] [maps][basketsword] warning: map has only one source room
[13:44:42] [INFO] [maps][basketsword] registered: name="basketsword" author="loaf" source_rooms=1 final_rooms=1 mode=swords native_reset_spawners<=7 k_markers=0
[13:44:42] [INFO] [maps][example_map] scanning folder: maps\example_map
[13:44:42] [INFO] [maps][example_map] loading json: maps\example_map\data.json
[13:44:42] [INFO] [maps][example_map] loading map: maps\example_map\data.map
[13:44:42] [WARN] [maps][example_map] [data.json][rooms.center.appearance] warning: primary and mirror define duplicate explicit colours
[13:44:42] [WARN] [maps][example_map] [data.json][rooms.mid_1.appearance] warning: primary and mirror define duplicate explicit colours
[13:44:42] [WARN] [maps][example_map] [data.json][rooms.mid_2.appearance] warning: primary and mirror define duplicate explicit colours
[13:44:42] [WARN] [maps][example_map] [data.json][rooms.outer_1.appearance] warning: primary and mirror define duplicate explicit colours
[13:44:42] [INFO] [maps][example_map] registered: name="Example Map" author="loaf" source_rooms=4 final_rooms=7 mode=swords K-room reset budget<=4/13 k_markers=1
[13:44:42] [INFO] [maps][flooded_caves] scanning folder: maps\flooded_caves
[13:44:42] [INFO] [maps][flooded_caves] loading json: maps\flooded_caves\data.json
[13:44:42] [INFO] [maps][flooded_caves] loading map: maps\flooded_caves\data.map
[13:44:42] [INFO] [maps][flooded_caves] registered: name="Flooded Caves" author="AtraxiA" source_rooms=5 final_rooms=9 mode=karate native_reset_spawners<=3 k_markers=0
[13:44:42] [INFO] [maps][leafy_greens] scanning folder: maps\leafy_greens
[13:44:42] [INFO] [maps][leafy_greens] loading json: maps\leafy_greens\data.json
[13:44:42] [INFO] [maps][leafy_greens] loading map: maps\leafy_greens\data.map
[13:44:42] [INFO] [maps][leafy_greens] registered: name="LEAFY GREENS" author="loaf" source_rooms=5 final_rooms=9 mode=swords native_reset_spawners<=6 k_markers=0
[13:44:42] [INFO] [maps][the big jump] scanning folder: maps\the big jump
[13:44:42] [INFO] [maps][the big jump] loading json: maps\the big jump\data.json
[13:44:42] [INFO] [maps][the big jump] loading map: maps\the big jump\data.map
[13:44:42] [INFO] [maps][big_jump] registered: name="The Big Jump" author="loaf" source_rooms=2 final_rooms=3 mode=swords native_reset_spawners<=25 k_markers=0
[13:44:42] [INFO] [maps][v2_symbolic_demo] scanning folder: maps\v2_symbolic_demo
[13:44:42] [INFO] [maps][v2_symbolic_demo] loading json: maps\v2_symbolic_demo\data.json
[13:44:42] [INFO] [maps][v2_symbolic_demo] loading map: maps\v2_symbolic_demo\data.map
[13:44:42] [INFO] [maps][v2_symbolic_demo] registered: name="V2 Symbolic Tile Demo" author="Eggnogg+" source_rooms=2 final_rooms=3 mode=swords native_reset_spawners<=2 k_markers=0
[13:44:42] [INFO] [maps] registry reloaded: 6 custom maps (was 7)
custom_maps_v2_test: all checks passed
PASS: V2 collision presets, forces, sensors, temporary visual offsets, native underlay, mirroring, registry identity, demo package, and parser regressions are valid.
The visual bridge still needs the short in-game check documented in MAP_FORMAT.md.
Building native rollback serializer tests...
state serializer tests: ALL OK
atlas-renderer tests: OK
✔ greggnogg\atlas-renderer.test.js (63.0865ms)
Greggnogg editor-core tests passed: 121
✔ greggnogg\editor-core.test.js (106.1232ms)
✔ configuration fails closed (3.1528ms)
✔ queue payload contains only public identity, queue, and HTTPS handoffs (6.1013ms)
✔ join posts once and leave edits the exact owned message (1.0812ms)
✔ matched post is edited now and deleted after one-day retention (0.3844ms)
✔ leave racing create edits the late message (0.2738ms)
✔ a sub-two-second queue stay never creates a Discord message (0.1395ms)
✔ the delayed post is created once only after its timer fires (0.5263ms)
✔ 429 response uses server retry_after instead of hardcoded route rates (0.2836ms)
✔ invalid lifecycle values never reach Discord (0.2016ms)
✔ orderly close retires active owned posts (0.5177ms)
✔ pending create work is bounded without dropping owned cleanup (2.8759ms)
✔ goal RGB controls preview exact channels and group a gesture into one undo (3.0035ms)
✔ invalid goal RGB or hex input preserves the document (0.9399ms)
✔ shared RGB controls retain room palette behavior (0.7851ms)
✔ public base and generated links are strict HTTPS routes (2.159ms)
✔ redirect parser exposes only completed canonical yule intents (0.231ms)
✔ HTTP handoff is no-store and method bounded (0.8136ms)
✔ redirect server refuses an accidental public bind (0.2976ms)
✔ audit preserves append history and records correlated intent/outcome without secrets (15.8816ms)
✔ audit failure blocks mutation and completion failure is explicitly distinguished (0.3101ms)
✔ an interrupted final record cannot absorb later audit entries (5.9176ms)
✔ live dashboard preserves focused, open, and edited maintenance while other regions refresh (3.0208ms)
✔ live dashboard pauses hidden tabs, retries failures, and stops on expired sessions (0.869ms)
✔ live dashboard does not overlap requests after visibility changes (0.5748ms)
✔ admin bind validation accepts only loopback/private literals by default (4.0528ms)
✔ admin UI grants a private client session, requires CSRF, and dispatches actions (32.7979ms)
✔ admin UI can be disabled explicitly (0.1662ms)
✔ direct execution explains that the admin listener belongs to server.js (50.2303ms)
✔ admin rejects DNS rebinding hostnames before granting sessions (3.0548ms)
✔ offline backup verifies data and restores with a complete recovery copy (58.5662ms)
✔ tampered backup is rejected before any destination changes (18.4664ms)
✔ partial restore failure restores previous bytes and retains recovery snapshot (46.8486ms)
✔ silent write corruption triggers verified recovery (50.5383ms)
✔ silent recovery corruption is never reported as recovered (48.9428ms)
✔ stores reject damaged existing files and have no inherited users (11.9443ms)
✔ failed atomic replacement preserves destination and cleans temporary file (4.3903ms)
✔ record updates publish only after persistence and preserve unrelated users (8.217ms)
ℹ tests 39
ℹ suites 0
ℹ pass 39
ℹ fail 0
ℹ cancelled 0
ℹ skipped 0
ℹ todo 0
ℹ duration_ms 393.4058
embedded UI source/header synchronization: OK
compile source list checks: OK (44 implementation files)
release packaging fail-closed static checks: OK
Linux Wine installer static/syntax checks: OK
Linux Wine installer integration test: skipped on non-POSIX host
public source exporter/static release guards: OK
credential_hooks_static_test: all checks passed
online_control_hooks_static_test: all checks passed
online flow integration static checks: OK
online native cursor static checks: OK
online match network HUD static checks: OK
online menu tick static checks: OK
online active troubleshooter static checks: OK
online LAN admin integration static checks: OK
online server control safety: OK
friend challenge map picker static checks: OK
social controls static checks: OK
private rematch static checks: OK
online launch/deep-link static checks: OK
one-shot updater handoff static checks: OK
single frame-boundary capture static checks: OK
desync_repro_static_test: all checks passed
peer trace diff tests: OK
fp_control_hooks_static_test: all checks passed
simulation_geometry_static_test: all checks passed
player colour static checks: OK
Discord Rich Presence privacy/runtime wiring checks: OK
bytebeat Lua/cache/resource wiring checks: OK
Lua HTTP owner/cancellation/body-bound static checks: OK
Greggnogg responsive color-editor static checks: OK
owner-scoped Lua console command integration: OK
removable Lua subscription integration static checks: OK
public mod.online cosmetics-surface removal checks: OK
Lua filesystem picker static checks: OK
mod API manifest/runtime integration static checks: OK
owner-scoped asset removal API wiring: OK
bounded mod.json integration static checks: OK
sandboxed Dollchan JavaScript build/security wiring checks: OK
native/bounded/Dollchan music playlist and authoring controls: OK
console catalog coverage: OK (70 dispatched, 70 catalog entries)
Discord LFG server/bot privacy lifecycle checks: OK
state-preserving online-server updater checks: OK
repository-wide updater safety checks: OK
installer lifecycle checks: OK
net_backpressure_static_test: all checks passed
window runtime static checks: OK
PASS: guarded credential, TCP/control, FP, rollback envelope, serializer, and window native/static tests completed.
