Building native rollback serializer tests...
state serializer tests: ALL OK
atlas-renderer tests: OK
✔ greggnogg\atlas-renderer.test.js (111.3468ms)
✔ defaults round-trip and checked-in native examples validate (3.9453ms)
✔ rejects duplicate and escaped duplicate keys without silently normalizing (0.373ms)
✔ schema, references, geometry, visual ranges and limits fail closed (0.648ms)
✔ rename preserves references and failure preserves the input (0.1565ms)
✔ export ZIP keeps the exact entity and Lua bytes (0.8929ms)
✔ export matches the shared native-loader fixture byte for byte (0.3116ms)
✔ atlas inheritance, rectangular crops and padding match map grid rules (0.5945ms)
✔ entity PNG grids reject ambiguity, while identical declarations agree (0.1888ms)
✔ glyph preview includes the native one-pixel origin and nine-pixel stride (0.1ms)
✔ complete map export retains exact map, assets and unchanged Lua through nested import (6.9528ms)
✔ map import rejects ambiguous roots, Windows collisions, traversal and invalid entities (2.7092ms)
✔ room expansion matches native source/mirror coordinates and orientation (0.2163ms)
✔ ordinary maps become ready to use without asking for a format selection (1.4934ms)
✔ launch-pad starter exports the exact fixture executed by the real Lua runtime (0.7047ms)
✔ picture import declares and packages the asset without changing existing tiles or bytes (4.6662ms)
✔ solid region purpose survives validated map serialization (0.2595ms)
✔ object design is owned by the current document and upgrades without modifying its source (2.1857ms)
✔ painting objects preserves terrain, deduplicates cells and erases through the same tool (0.9707ms)
✔ capacity failure leaves the existing map placements intact (0.3733ms)
✔ object logic round trips without repeated generated callbacks or losing manual edits (0.8971ms)
✔ rename preserves placements and callbacks; placed designs cannot be deleted (0.4441ms)
✔ object designer opens inside Greggnogg and the old entry redirects there (0.6108ms)
✔ room duplication copies instances with distinct names and checks expanded capacity atomically (0.3933ms)
✔ normal map package parsing retains generated Lua for editor metadata restoration (6.3826ms)
✔ actual map import accepts nested custom-object exports and restores the current-map callback model (5.8157ms)
✔ actual map import rejects conflicting callback metadata without replacing the current map (4.3028ms)
✔ save validates an immutable snapshot while picture loading is pending (0.7318ms)
✔ save rejects animation frames that extend beyond the picture sheet (0.3907ms)
✔ map tools find and erase unsnapped room-local and legacy world-coordinate objects (0.1935ms)
✔ actual painting ignores a previously selected blank terrain tile and supports explicit keyboard erasure (1.4278ms)
✔ object block layouts survive package import and design rename without losing editable actions (43.8756ms)
✔ malformed object block metadata rejects atomically and stale layouts preserve newer Lua (0.3858ms)
✔ renaming updates map blocks and creation blocks in other objects atomically (2.273ms)
✔ motion controls compile before custom logic and survive export/import (0.5509ms)
✔ terrain collision controls generate the native movement fixture (0.1919ms)
Greggnogg editor-core tests passed: 121
✔ greggnogg\editor-core.test.js (102.1455ms)
✔ connected player action generates a native map callback and round trips as blocks (7.7295ms)
✔ invalid contexts and duplicate event handlers reject before replacing Lua (0.9226ms)
✔ handwritten Lua survives mode switching byte for byte (0.4456ms)
✔ malformed or mismatched metadata falls back to preserved Lua without partial blocks (0.398ms)
✔ object movement and animation controls match the native runtime fixture (5.6594ms)
✔ remove-this-object ends its statement stack and requires a live object event (0.6835ms)
✔ object picker uses current-map designs and preserves missing serialized IDs (1.1805ms)
✔ object callback blocks round trip independently and retain handwritten bodies (0.9792ms)
✔ timing, deterministic random and math blocks generate inside repeated actions (0.4187ms)
✔ active-player loop supplies observations and a scoped action target (0.8981ms)
✔ player-loop native fixture is generated by the real block editor (1.033ms)
✔ player/object overlap condition matches its native fixture (0.7324ms)
✔ object-type loop supplies this-object context in map logic (0.5625ms)
✔ dropdown release opens after drag cancellation, including newly created blocks (0.4733ms)
✔ scoped variables preserve player identity, false values and editable serialization (1.4158ms)
✔ per-player variable runtime fixture matches actual blocks (0.6079ms)
✔ terrain sensing and reversal compose in an object update (0.5425ms)
✔ patrol runtime fixture matches actual editor blocks (0.6629ms)
✔ variable pickers discover created names and retain them through serialization (0.8741ms)
✔ object variable names generate instance-owned keys and reject overly long keys (0.2881ms)
✔ object point queries compose through OR and retain object rename references (1.0303ms)
✔ invalid blocks remain visible when switching to Advanced (1.5726ms)
✔ opening another document does not compile the previous block workspace (0.6252ms)
✔ object logic event switching retains independent Lua and blocks (6.4865ms)
✔ disconnected blocks block mode and event switches without losing the workspace (1.7783ms)
✔ waiting session uploads exactly once and waits for game completion (1.8238ms)
✔ lost POST response polls acceptance without submitting again (0.2909ms)
✔ initial connection retries and native map errors are surfaced (1.3476ms)
✔ replaced sessions and rejected uploads stop (0.2168ms)
✔ invalid tokens never contact a service and tokens use all random bytes (0.1798ms)
✔ browser packet matches the native fixture byte for byte (1.1071ms)
✔ binary assets survive exactly and editor-only metadata is omitted (0.412ms)
✔ unsafe paths, Windows devices, duplicates and invalid text reject (0.7511ms)
✔ configuration fails closed (2.4264ms)
✔ queue payload contains only public identity, queue, and HTTPS handoffs (1.3515ms)
✔ join posts once and leave edits the exact owned message (0.9971ms)
✔ matched post is edited now and deleted after one-day retention (0.3695ms)
✔ leave racing create edits the late message (0.2431ms)
✔ a sub-two-second queue stay never creates a Discord message (0.1344ms)
✔ the delayed post is created once only after its timer fires (0.1307ms)
✔ 429 response uses server retry_after instead of hardcoded route rates (0.1751ms)
✔ invalid lifecycle values never reach Discord (0.0882ms)
✔ orderly close retires active owned posts (0.4592ms)
✔ pending create work is bounded without dropping owned cleanup (2.696ms)
✔ goal RGB controls preview exact channels and group a gesture into one undo (2.4745ms)
✔ invalid goal RGB or hex input preserves the document (0.8633ms)
✔ shared RGB controls retain room palette behavior (0.6901ms)
✔ public base and generated links are strict HTTPS routes (0.9171ms)
✔ redirect parser exposes only completed canonical yule intents (0.2095ms)
✔ HTTP handoff is no-store and method bounded (0.3382ms)
✔ redirect server refuses an accidental public bind (0.3019ms)
✔ audit preserves append history and records correlated intent/outcome without secrets (15.6483ms)
✔ audit failure blocks mutation and completion failure is explicitly distinguished (0.323ms)
✔ an interrupted final record cannot absorb later audit entries (6.0577ms)
✔ live dashboard preserves focused, open, and edited maintenance while other regions refresh (1.746ms)
✔ live dashboard pauses hidden tabs, retries failures, and stops on expired sessions (0.6314ms)
✔ live dashboard does not overlap requests after visibility changes (0.5763ms)
✔ admin bind validation accepts only loopback/private literals by default (4.0401ms)
✔ admin UI grants a private client session, requires CSRF, and dispatches actions (23.8408ms)
✔ admin UI can be disabled explicitly (0.132ms)
✔ direct execution explains that the admin listener belongs to server.js (47.931ms)
✔ admin rejects DNS rebinding hostnames before granting sessions (2.8073ms)
✔ offline backup verifies data and restores with a complete recovery copy (53.839ms)
✔ tampered backup is rejected before any destination changes (16.1243ms)
✔ partial restore failure restores previous bytes and retains recovery snapshot (42.585ms)
✔ silent write corruption triggers verified recovery (44.9926ms)
✔ silent recovery corruption is never reported as recovered (38.2186ms)
✔ stores reject damaged existing files and have no inherited users (9.3691ms)
✔ failed atomic replacement preserves destination and cleans temporary file (4.5653ms)
✔ record updates publish only after persistence and preserve unrelated users (8.3925ms)
ℹ tests 107
ℹ suites 0
ℹ pass 107
ℹ fail 0
ℹ cancelled 0
ℹ skipped 0
ℹ todo 0
ℹ duration_ms 375.3744
embedded UI source/header synchronization: OK
compile source list checks: OK (48 implementation files)
entity render native ABI and insertion checks passed
release packaging fail-closed static checks: OK
Linux Wine installer static/syntax checks: OK
Linux Wine installer integration test: skipped on non-POSIX host
public source exporter/static release guards: OK
credential_hooks_static_test: all checks passed
online_control_hooks_static_test: all checks passed
online flow integration static checks: OK
online native cursor static checks: OK
online match network HUD static checks: OK
online menu tick static checks: OK
online active troubleshooter static checks: OK
online LAN admin integration static checks: OK
online server control safety: OK
friend challenge map picker static checks: OK
social controls static checks: OK
private rematch static checks: OK
online launch/deep-link static checks: OK
one-shot updater handoff static checks: OK
single frame-boundary capture static checks: OK
desync_repro_static_test: all checks passed
peer trace diff tests: OK
fp_control_hooks_static_test: all checks passed
simulation_geometry_static_test: all checks passed
player colour static checks: OK
Discord Rich Presence privacy/runtime wiring checks: OK
bytebeat Lua/cache/resource wiring checks: OK
Lua HTTP owner/cancellation/body-bound static checks: OK
Greggnogg responsive color-editor static checks: OK
owner-scoped Lua console command integration: OK
removable Lua subscription integration static checks: OK
public mod.online cosmetics-surface removal checks: OK
Lua filesystem picker static checks: OK
mod API manifest/runtime integration static checks: OK
owner-scoped asset removal API wiring: OK
bounded mod.json integration static checks: OK
sandboxed Dollchan JavaScript build/security wiring checks: OK
native/bounded/Dollchan music playlist and authoring controls: OK
console catalog coverage: OK (70 dispatched, 70 catalog entries)
Discord LFG server/bot privacy lifecycle checks: OK
state-preserving online-server updater checks: OK
repository-wide updater safety checks: OK
installer lifecycle checks: OK
net_backpressure_static_test: all checks passed
window runtime static checks: OK
PASS: guarded credential, TCP/control, FP, rollback envelope, serializer, and window native/static tests completed.
