Building native rollback serializer tests...
state serializer tests: ALL OK
atlas-renderer tests: OK
✔ greggnogg\atlas-renderer.test.js (111.0004ms)
✔ defaults round-trip and checked-in native examples validate (4.5009ms)
✔ rejects duplicate and escaped duplicate keys without silently normalizing (0.42ms)
✔ schema, references, geometry, visual ranges and limits fail closed (0.9776ms)
✔ rename preserves references and failure preserves the input (0.1758ms)
✔ export ZIP keeps the exact entity and Lua bytes (0.8585ms)
✔ export matches the shared native-loader fixture byte for byte (0.8695ms)
✔ atlas inheritance, rectangular crops and padding match map grid rules (0.5505ms)
✔ entity PNG grids reject ambiguity, while identical declarations agree (0.217ms)
✔ glyph preview includes the native one-pixel origin and nine-pixel stride (0.1202ms)
✔ complete map export retains exact map, assets and unchanged Lua through nested import (7.7879ms)
✔ map import rejects ambiguous roots, Windows collisions, traversal and invalid entities (2.9695ms)
✔ room expansion matches native source/mirror coordinates and orientation (0.2188ms)
✔ ordinary maps become ready to use without asking for a format selection (0.9968ms)
✔ launch-pad starter exports the exact fixture executed by the real Lua runtime (0.6504ms)
✔ picture import declares and packages the asset without changing existing tiles or bytes (3.2222ms)
✔ object design is owned by the current document and upgrades without modifying its source (2.2487ms)
✔ painting objects preserves terrain, deduplicates cells and erases through the same tool (1.5571ms)
✔ capacity failure leaves the existing map placements intact (0.4914ms)
✔ object logic round trips without repeated generated callbacks or losing manual edits (1.2458ms)
✔ rename preserves placements and callbacks; placed designs cannot be deleted (0.5334ms)
✔ object designer opens inside Greggnogg and the old entry redirects there (0.6747ms)
✔ room duplication copies instances with distinct names and checks expanded capacity atomically (0.4241ms)
✔ normal map package parsing retains generated Lua for editor metadata restoration (4.3164ms)
✔ actual map import accepts nested custom-object exports and restores the current-map callback model (3.6949ms)
✔ actual map import rejects conflicting callback metadata without replacing the current map (4.6756ms)
✔ save validates an immutable snapshot while picture loading is pending (0.8559ms)
✔ save rejects animation frames that extend beyond the picture sheet (0.4917ms)
✔ map tools find and erase unsnapped room-local and legacy world-coordinate objects (0.24ms)
✔ actual painting ignores a previously selected blank terrain tile and supports explicit keyboard erasure (2.2683ms)
✔ object block layouts survive package import and design rename without losing editable actions (49.869ms)
✔ malformed object block metadata rejects atomically and stale layouts preserve newer Lua (0.5033ms)
✔ renaming updates map blocks and creation blocks in other objects atomically (2.6688ms)
✔ motion controls compile before custom logic and survive export/import (0.7785ms)
✔ terrain collision controls generate the native movement fixture (0.3605ms)
Greggnogg editor-core tests passed: 121
✔ greggnogg\editor-core.test.js (109.0886ms)
✔ connected player action generates a native map callback and round trips as blocks (7.8814ms)
✔ invalid contexts and duplicate event handlers reject before replacing Lua (1.2944ms)
✔ handwritten Lua survives mode switching byte for byte (0.6502ms)
✔ malformed or mismatched metadata falls back to preserved Lua without partial blocks (0.5731ms)
✔ object movement and animation controls match the native runtime fixture (8.0175ms)
✔ remove-this-object ends its statement stack and requires a live object event (0.6284ms)
✔ object picker uses current-map designs and preserves missing serialized IDs (1.4443ms)
✔ object callback blocks round trip independently and retain handwritten bodies (1.4087ms)
✔ timing, deterministic random and math blocks generate inside repeated actions (0.4966ms)
✔ active-player loop supplies observations and a scoped action target (0.8018ms)
✔ player-loop native fixture is generated by the real block editor (0.924ms)
✔ player/object overlap condition matches its native fixture (0.8182ms)
✔ object-type loop supplies this-object context in map logic (0.7843ms)
✔ dropdown release opens after drag cancellation, including newly created blocks (0.6256ms)
✔ scoped variables preserve player identity, false values and editable serialization (1.8782ms)
✔ per-player variable runtime fixture matches actual blocks (0.6106ms)
✔ terrain sensing and reversal compose in an object update (0.6421ms)
✔ patrol runtime fixture matches actual editor blocks (0.5117ms)
✔ variable pickers discover created names and retain them through serialization (1.3186ms)
✔ object variable names generate instance-owned keys and reject overly long keys (0.3333ms)
✔ invalid blocks remain visible when switching to Advanced (1.9529ms)
✔ opening another document does not compile the previous block workspace (0.9045ms)
✔ object logic event switching retains independent Lua and blocks (7.9305ms)
✔ disconnected blocks block mode and event switches without losing the workspace (2.2895ms)
✔ waiting session uploads exactly once and waits for game completion (1.7493ms)
✔ lost POST response polls acceptance without submitting again (0.383ms)
✔ initial connection retries and native map errors are surfaced (1.7981ms)
✔ replaced sessions and rejected uploads stop (0.2971ms)
✔ invalid tokens never contact a service and tokens use all random bytes (0.246ms)
✔ browser packet matches the native fixture byte for byte (2.4239ms)
✔ binary assets survive exactly and editor-only metadata is omitted (0.517ms)
✔ unsafe paths, Windows devices, duplicates and invalid text reject (0.736ms)
✔ configuration fails closed (2.0492ms)
✔ queue payload contains only public identity, queue, and HTTPS handoffs (1.2829ms)
✔ join posts once and leave edits the exact owned message (1.3014ms)
✔ matched post is edited now and deleted after one-day retention (0.7203ms)
✔ leave racing create edits the late message (0.5204ms)
✔ a sub-two-second queue stay never creates a Discord message (0.2309ms)
✔ the delayed post is created once only after its timer fires (0.2087ms)
✔ 429 response uses server retry_after instead of hardcoded route rates (0.1991ms)
✔ invalid lifecycle values never reach Discord (0.0951ms)
✔ orderly close retires active owned posts (0.3341ms)
✔ pending create work is bounded without dropping owned cleanup (4.3644ms)
✔ goal RGB controls preview exact channels and group a gesture into one undo (2.2962ms)
✔ invalid goal RGB or hex input preserves the document (0.7212ms)
✔ shared RGB controls retain room palette behavior (1.8031ms)
✔ public base and generated links are strict HTTPS routes (2.1707ms)
✔ redirect parser exposes only completed canonical yule intents (0.4014ms)
✔ HTTP handoff is no-store and method bounded (0.6565ms)
✔ redirect server refuses an accidental public bind (0.2962ms)
✔ audit preserves append history and records correlated intent/outcome without secrets (18.4948ms)
✔ audit failure blocks mutation and completion failure is explicitly distinguished (0.5619ms)
✔ an interrupted final record cannot absorb later audit entries (8.7106ms)
✔ live dashboard preserves focused, open, and edited maintenance while other regions refresh (2.9312ms)
✔ live dashboard pauses hidden tabs, retries failures, and stops on expired sessions (1.0944ms)
✔ live dashboard does not overlap requests after visibility changes (0.7477ms)
✔ admin bind validation accepts only loopback/private literals by default (5.2226ms)
✔ admin UI grants a private client session, requires CSRF, and dispatches actions (25.4189ms)
✔ admin UI can be disabled explicitly (0.1311ms)
✔ direct execution explains that the admin listener belongs to server.js (58.0485ms)
✔ admin rejects DNS rebinding hostnames before granting sessions (3.4518ms)
✔ offline backup verifies data and restores with a complete recovery copy (79.5262ms)
✔ tampered backup is rejected before any destination changes (18.9093ms)
✔ partial restore failure restores previous bytes and retains recovery snapshot (47.0411ms)
✔ silent write corruption triggers verified recovery (46.9891ms)
✔ silent recovery corruption is never reported as recovered (42.425ms)
✔ stores reject damaged existing files and have no inherited users (11.0451ms)
✔ failed atomic replacement preserves destination and cleans temporary file (4.5397ms)
✔ record updates publish only after persistence and preserve unrelated users (7.2963ms)
ℹ tests 105
ℹ suites 0
ℹ pass 105
ℹ fail 0
ℹ cancelled 0
ℹ skipped 0
ℹ todo 0
ℹ duration_ms 416.9242
embedded UI source/header synchronization: OK
compile source list checks: OK (48 implementation files)
entity render native ABI and insertion checks passed
release packaging fail-closed static checks: OK
Linux Wine installer static/syntax checks: OK
Linux Wine installer integration test: skipped on non-POSIX host
public source exporter/static release guards: OK
credential_hooks_static_test: all checks passed
online_control_hooks_static_test: all checks passed
online flow integration static checks: OK
online native cursor static checks: OK
online match network HUD static checks: OK
online menu tick static checks: OK
online active troubleshooter static checks: OK
online LAN admin integration static checks: OK
online server control safety: OK
friend challenge map picker static checks: OK
social controls static checks: OK
private rematch static checks: OK
online launch/deep-link static checks: OK
one-shot updater handoff static checks: OK
single frame-boundary capture static checks: OK
desync_repro_static_test: all checks passed
peer trace diff tests: OK
fp_control_hooks_static_test: all checks passed
simulation_geometry_static_test: all checks passed
player colour static checks: OK
Discord Rich Presence privacy/runtime wiring checks: OK
bytebeat Lua/cache/resource wiring checks: OK
Lua HTTP owner/cancellation/body-bound static checks: OK
Greggnogg responsive color-editor static checks: OK
owner-scoped Lua console command integration: OK
removable Lua subscription integration static checks: OK
public mod.online cosmetics-surface removal checks: OK
Lua filesystem picker static checks: OK
mod API manifest/runtime integration static checks: OK
owner-scoped asset removal API wiring: OK
bounded mod.json integration static checks: OK
sandboxed Dollchan JavaScript build/security wiring checks: OK
native/bounded/Dollchan music playlist and authoring controls: OK
console catalog coverage: OK (70 dispatched, 70 catalog entries)
Discord LFG server/bot privacy lifecycle checks: OK
state-preserving online-server updater checks: OK
repository-wide updater safety checks: OK
installer lifecycle checks: OK
net_backpressure_static_test: all checks passed
window runtime static checks: OK
PASS: guarded credential, TCP/control, FP, rollback envelope, serializer, and window native/static tests completed.
