map_script_rollback_static_test: all checks passed
Building native rollback serializer tests...
state serializer tests: ALL OK
atlas-renderer tests: OK
✔ greggnogg\atlas-renderer.test.js (99.6286ms)
✔ defaults round-trip and checked-in native examples validate (9.7778ms)
✔ rejects duplicate and escaped duplicate keys without silently normalizing (0.6384ms)
✔ schema, references, geometry, visual ranges and limits fail closed (2.7961ms)
✔ rename preserves references and failure preserves the input (0.2323ms)
✔ export ZIP keeps the exact entity and Lua bytes (0.927ms)
✔ export matches the shared native-loader fixture byte for byte (0.5417ms)
✔ workspace initializes, adds types/placements, and undoes without losing references (7.1978ms)
✔ invalid JSON import is atomic and invalid fields disable export (3.3558ms)
✔ region dragging changes independent geometry and can be undone (2.3512ms)
Greggnogg editor-core tests passed: 121
✔ greggnogg\editor-core.test.js (131.0646ms)
✔ configuration fails closed (2.8829ms)
✔ queue payload contains only public identity, queue, and HTTPS handoffs (9.7988ms)
✔ join posts once and leave edits the exact owned message (2.856ms)
✔ matched post is edited now and deleted after one-day retention (0.8076ms)
✔ leave racing create edits the late message (0.5668ms)
✔ a sub-two-second queue stay never creates a Discord message (0.2577ms)
✔ the delayed post is created once only after its timer fires (0.384ms)
✔ 429 response uses server retry_after instead of hardcoded route rates (0.4657ms)
✔ invalid lifecycle values never reach Discord (0.2146ms)
✔ orderly close retires active owned posts (1.685ms)
✔ pending create work is bounded without dropping owned cleanup (6.1296ms)
✔ goal RGB controls preview exact channels and group a gesture into one undo (4.3999ms)
✔ invalid goal RGB or hex input preserves the document (0.9767ms)
✔ shared RGB controls retain room palette behavior (1.5407ms)
✔ public base and generated links are strict HTTPS routes (1.7776ms)
✔ redirect parser exposes only completed canonical yule intents (0.4512ms)
✔ HTTP handoff is no-store and method bounded (1.8663ms)
✔ redirect server refuses an accidental public bind (0.4342ms)
✔ audit preserves append history and records correlated intent/outcome without secrets (18.6635ms)
✔ audit failure blocks mutation and completion failure is explicitly distinguished (0.3109ms)
✔ an interrupted final record cannot absorb later audit entries (7.1371ms)
✔ live dashboard preserves focused, open, and edited maintenance while other regions refresh (3.7154ms)
✔ live dashboard pauses hidden tabs, retries failures, and stops on expired sessions (2.2453ms)
✔ live dashboard does not overlap requests after visibility changes (0.6344ms)
✔ admin bind validation accepts only loopback/private literals by default (4.5298ms)
✔ admin UI grants a private client session, requires CSRF, and dispatches actions (38.967ms)
✔ admin UI can be disabled explicitly (0.1445ms)
✔ direct execution explains that the admin listener belongs to server.js (65.0032ms)
✔ admin rejects DNS rebinding hostnames before granting sessions (3.9232ms)
✔ offline backup verifies data and restores with a complete recovery copy (73.3626ms)
✔ tampered backup is rejected before any destination changes (27.545ms)
✔ partial restore failure restores previous bytes and retains recovery snapshot (70.8195ms)
✔ silent write corruption triggers verified recovery (86.6023ms)
✔ silent recovery corruption is never reported as recovered (90.0703ms)
✔ stores reject damaged existing files and have no inherited users (13.4239ms)
✔ failed atomic replacement preserves destination and cleans temporary file (5.5653ms)
✔ record updates publish only after persistence and preserve unrelated users (10.5656ms)
ℹ tests 48
ℹ suites 0
ℹ pass 48
ℹ fail 0
ℹ cancelled 0
ℹ skipped 0
ℹ todo 0
ℹ duration_ms 574.772
embedded UI source/header synchronization: OK
compile source list checks: OK (44 implementation files)
entity render native ABI and insertion checks passed
release packaging fail-closed static checks: OK
Linux Wine installer static/syntax checks: OK
Linux Wine installer integration test: skipped on non-POSIX host
public source exporter/static release guards: OK
credential_hooks_static_test: all checks passed
online_control_hooks_static_test: all checks passed
online flow integration static checks: OK
online native cursor static checks: OK
online match network HUD static checks: OK
online menu tick static checks: OK
online active troubleshooter static checks: OK
online LAN admin integration static checks: OK
online server control safety: OK
friend challenge map picker static checks: OK
social controls static checks: OK
private rematch static checks: OK
online launch/deep-link static checks: OK
one-shot updater handoff static checks: OK
single frame-boundary capture static checks: OK
desync_repro_static_test: all checks passed
peer trace diff tests: OK
fp_control_hooks_static_test: all checks passed
simulation_geometry_static_test: all checks passed
player colour static checks: OK
Discord Rich Presence privacy/runtime wiring checks: OK
bytebeat Lua/cache/resource wiring checks: OK
Lua HTTP owner/cancellation/body-bound static checks: OK
Greggnogg responsive color-editor static checks: OK
owner-scoped Lua console command integration: OK
removable Lua subscription integration static checks: OK
public mod.online cosmetics-surface removal checks: OK
Lua filesystem picker static checks: OK
mod API manifest/runtime integration static checks: OK
owner-scoped asset removal API wiring: OK
bounded mod.json integration static checks: OK
sandboxed Dollchan JavaScript build/security wiring checks: OK
native/bounded/Dollchan music playlist and authoring controls: OK
console catalog coverage: OK (70 dispatched, 70 catalog entries)
Discord LFG server/bot privacy lifecycle checks: OK
state-preserving online-server updater checks: OK
repository-wide updater safety checks: OK
installer lifecycle checks: OK
net_backpressure_static_test: all checks passed
window runtime static checks: OK
PASS: guarded credential, TCP/control, FP, rollback envelope, serializer, and window native/static tests completed.
