Building framework-owned entity lifecycle tests...
entity world: lifecycle, overflow atomicity, 2048-tick replay and strict snapshots passed
Building entity Lua adapter tests...
[string "entity.set(orb,{vx=9}) entity.spawn('demo:orb..."]:1: intentional rollback
entity Lua adapter: named types, exact handles, validation and transactional callbacks passed
Building entity package ownership tests...
entity packages: canonical ownership, placement, identities and atomic restore passed
PASS: nine opponent policy call sites match native executable; all-or-nothing patch preflight
Building opponent spawn policy tests...
PASS: opponent spawn policy preserves initial/leader respawns and match completion
Production cosmetic RNG classifier extracted
Building cosmetic RNG branch tests...
Native cosmetic RNG branch classification: OK
online capture production extraction and event wiring: OK
Building online hub text focus tests...
online hub commit-on-blur production handler tests: OK
Building keyboard binding parser tests...
strict keyboard binding parser and round-trip tests: OK
Building mod API compatibility/capability tests...
mod API compatibility tests: OK
Building embedded UI helpers tests...
List box filtering, bounded rendering, navigation and pointer tests: OK
List browser demo and clipping checks: OK
UI helpers responsive layout and slider tests: OK
Building native room reset lifecycle tests...
native room reset lifecycle tests: OK
Building credential lifecycle tests...
Credential Manager live roundtrip skipped (set EGGNOGGPLUS_CREDENTIAL_TEST_LIVE=1 to enable).
credential_ext tests passed
Building nonblocking TCP transport tests...
ALL OK
Building online control parser/lifecycle tests...
online_control tests passed
Building asset ownership and validation tests...
asset ownership, canonical paths, overflow and reload tests: OK
Building removable mod callback list tests...
removable mod callback list tests: OK
Building mod.http response/lifecycle tests...
mod.http lifecycle tests: OK
Building bounded Lua JSON parser/encoder tests...
mod JSON parser/encoder tests: OK
Building bounded text utility tests...
text utility tests: OK
Building RGBA image utility tests...
image utility tests: OK
Building console command catalog tests...
console command catalog tests: OK
Building console parser tests...
console parser tests: OK
Building bounded command history tests...
command history tests: OK
Building safe launch request parser tests...
launch_request_test: all checks passed
Building existing-process launch IPC tests...
launch IPC tests passed
Building window policy tests...
window policy tests: OK
Building canonical floating-point tick tests...
fp control tests: ALL OK
Building canonical rollback envelope codec tests...
PASS: canonical rollback envelope codec tests
Building privacy-bounded Discord Rich Presence tests...
discord Rich Presence tests: OK
Building bounded bytebeat expression/render tests...
bytebeat expression/render tests: OK
Building sandboxed Dollchan JavaScript compatibility tests...
tune9 mode=0 rate=44100 block render: 16/0 ms (budget 211 ms)
tune10 mode=2 rate=44100 block render: 63/78 ms (budget 211 ms)
sandboxed Dollchan JavaScript tests: OK
Building ahead-of-time Dollchan PCM stream tests...
bytebeat producer stream tests: OK
Building native rollback serializer tests...
lua_manager.c: In function 'full_state_validate_content':
lua_manager.c:7076:9: error: implicit declaration of function 'full_state_set_err' [-Wimplicit-function-declaration]
 7076 |         full_state_set_err(err, err_cap, "state blob content size mismatch"); return 0;
      |         ^~~~~~~~~~~~~~~~~~
lua_manager.c: At top level:
lua_manager.c:7123:13: error: static declaration of 'full_state_set_err' follows non-static declaration
 7123 | static void full_state_set_err(char* err, size_t err_cap, const char* msg) {
      |             ^~~~~~~~~~~~~~~~~~
native rollback serializer tests compilation failed with exit code 1.
At C:\Users\potato\Downloads\eggnoggplus-win\eggnoggplus-win\tests\run_core_native_tests.ps1:34 char:9
+         throw "$Name compilation failed with exit code $LASTEXITCODE. ...
+         ~~~~~~~~~~~~~~~~~~~~~~~~~~~~~~~~~~~~~~~~~~~~~~~~~~~~~~~~~~~~~
    + CategoryInfo          : OperationStopped: (native rollback...th exit code 1.:String) [], RuntimeException
    + FullyQualifiedErrorId : native rollback serializer tests compilation failed with exit code 1.
 
