Building native rollback serializer tests...
state serializer tests: ALL OK
atlas-renderer tests: OK
✔ greggnogg\atlas-renderer.test.js (57.667ms)
Greggnogg editor-core tests passed: 121
✔ greggnogg\editor-core.test.js (89.3173ms)
✔ configuration fails closed (2.2381ms)
✔ queue payload contains only public identity, queue, and HTTPS handoffs (1.377ms)
✔ join posts once and leave edits the exact owned message (0.9669ms)
✔ matched post is edited now and deleted after one-day retention (0.5069ms)
✔ leave racing create edits the late message (0.2643ms)
✔ a sub-two-second queue stay never creates a Discord message (0.123ms)
✔ the delayed post is created once only after its timer fires (0.144ms)
✔ 429 response uses server retry_after instead of hardcoded route rates (0.184ms)
✔ invalid lifecycle values never reach Discord (0.1054ms)
✔ orderly close retires active owned posts (0.6024ms)
✔ pending create work is bounded without dropping owned cleanup (2.5896ms)
✔ goal RGB controls preview exact channels and group a gesture into one undo (2.2416ms)
✔ invalid goal RGB or hex input preserves the document (0.7864ms)
✔ shared RGB controls retain room palette behavior (0.7291ms)
✔ public base and generated links are strict HTTPS routes (1.1722ms)
✔ redirect parser exposes only completed canonical yule intents (0.2711ms)
✔ HTTP handoff is no-store and method bounded (0.6068ms)
✔ redirect server refuses an accidental public bind (0.2897ms)
✔ audit preserves append history and records correlated intent/outcome without secrets (19.393ms)
✔ audit failure blocks mutation and completion failure is explicitly distinguished (0.3822ms)
✔ an interrupted final record cannot absorb later audit entries (5.748ms)
✔ live dashboard preserves focused, open, and edited maintenance while other regions refresh (1.8118ms)
✔ live dashboard pauses hidden tabs, retries failures, and stops on expired sessions (0.6531ms)
✔ live dashboard does not overlap requests after visibility changes (0.4876ms)
✔ admin bind validation accepts only loopback/private literals by default (3.9892ms)
✔ admin UI grants a private client session, requires CSRF, and dispatches actions (23.545ms)
✔ admin UI can be disabled explicitly (0.1457ms)
✔ direct execution explains that the admin listener belongs to server.js (50.2452ms)
✔ admin rejects DNS rebinding hostnames before granting sessions (4.4521ms)
✔ offline backup verifies data and restores with a complete recovery copy (57.633ms)
✔ tampered backup is rejected before any destination changes (18.7007ms)
✔ partial restore failure restores previous bytes and retains recovery snapshot (45.499ms)
✔ silent write corruption triggers verified recovery (47.7595ms)
✔ silent recovery corruption is never reported as recovered (42.5424ms)
✔ stores reject damaged existing files and have no inherited users (9.1484ms)
✔ failed atomic replacement preserves destination and cleans temporary file (4.1029ms)
✔ record updates publish only after persistence and preserve unrelated users (8.8495ms)
ℹ tests 39
ℹ suites 0
ℹ pass 39
ℹ fail 0
ℹ cancelled 0
ℹ skipped 0
ℹ todo 0
ℹ duration_ms 337.5299
embedded UI source/header synchronization: OK
compile source list checks: OK (44 implementation files)
release packaging fail-closed static checks: OK
Linux Wine installer static/syntax checks: OK
Linux Wine installer integration test: skipped on non-POSIX host
public source exporter/static release guards: OK
credential_hooks_static_test: all checks passed
online_control_hooks_static_test: all checks passed
online flow integration static checks: OK
online native cursor static checks: OK
online match network HUD static checks: OK
online menu tick static checks: OK
online active troubleshooter static checks: OK
online LAN admin integration static checks: OK
online server control safety: OK
friend challenge map picker static checks: OK
social controls static checks: OK
private rematch static checks: OK
online launch/deep-link static checks: OK
one-shot updater handoff static checks: OK
single frame-boundary capture static checks: OK
desync_repro_static_test: all checks passed
peer trace diff tests: OK
fp_control_hooks_static_test: all checks passed
simulation_geometry_static_test: all checks passed
player colour static checks: OK
Discord Rich Presence privacy/runtime wiring checks: OK
bytebeat Lua/cache/resource wiring checks: OK
Lua HTTP owner/cancellation/body-bound static checks: OK
Greggnogg responsive color-editor static checks: OK
owner-scoped Lua console command integration: OK
removable Lua subscription integration static checks: OK
public mod.online cosmetics-surface removal checks: OK
Lua filesystem picker static checks: OK
mod API manifest/runtime integration static checks: OK
owner-scoped asset removal API wiring: OK
bounded mod.json integration static checks: OK
sandboxed Dollchan JavaScript build/security wiring checks: OK
native/bounded/Dollchan music playlist and authoring controls: OK
console catalog coverage: OK (70 dispatched, 70 catalog entries)
Discord LFG server/bot privacy lifecycle checks: OK
state-preserving online-server updater checks: OK
repository-wide updater safety checks: OK
installer lifecycle checks: OK
net_backpressure_static_test: all checks passed
window runtime static checks: OK
PASS: guarded credential, TCP/control, FP, rollback envelope, serializer, and window native/static tests completed.
