Building native rollback serializer tests...
state serializer tests: ALL OK
atlas-renderer tests: OK
✔ greggnogg\atlas-renderer.test.js (182.9924ms)
✔ defaults round-trip and checked-in native examples validate (14.6508ms)
✔ rejects duplicate and escaped duplicate keys without silently normalizing (0.8279ms)
✔ schema, references, geometry, visual ranges and limits fail closed (1.2955ms)
✔ rename preserves references and failure preserves the input (0.2218ms)
✔ export ZIP keeps the exact entity and Lua bytes (0.7702ms)
✔ export matches the shared native-loader fixture byte for byte (1.2632ms)
✔ atlas inheritance, rectangular crops and padding match map grid rules (1.0016ms)
✔ entity PNG grids reject ambiguity, while identical declarations agree (0.3441ms)
✔ glyph preview includes the native one-pixel origin and nine-pixel stride (0.178ms)
✔ complete map export retains exact map, assets and unchanged Lua through nested import (9.2176ms)
✔ map import rejects ambiguous roots, Windows collisions, traversal and invalid entities (5.5621ms)
✔ room expansion matches native source/mirror coordinates and orientation (0.6065ms)
✔ ordinary maps become ready to use without asking for a format selection (2.2269ms)
✔ launch-pad starter exports the exact fixture executed by the real Lua runtime (2.8852ms)
✔ picture import declares and packages the asset without changing existing tiles or bytes (6.961ms)
✔ object design is owned by the current document and upgrades without modifying its source (1.665ms)
✔ painting objects preserves terrain, deduplicates cells and erases through the same tool (3.5227ms)
✔ capacity failure leaves the existing map placements intact (0.8675ms)
✔ object logic round trips without repeated generated callbacks or losing manual edits (1.2736ms)
✔ rename preserves placements and callbacks; placed designs cannot be deleted (0.7022ms)
✔ object designer opens inside Greggnogg and the old entry redirects there (4.2567ms)
✔ room duplication copies instances with distinct names and checks expanded capacity atomically (0.9605ms)
✔ normal map package parsing retains generated Lua for editor metadata restoration (8.2713ms)
✔ actual map import accepts nested custom-object exports and restores the current-map callback model (8.9607ms)
✔ actual map import rejects conflicting callback metadata without replacing the current map (7.2543ms)
✔ save validates an immutable snapshot while picture loading is pending (1.6844ms)
✔ save rejects animation frames that extend beyond the picture sheet (0.7074ms)
✔ map tools find and erase unsnapped room-local and legacy world-coordinate objects (0.3696ms)
✔ actual painting ignores a previously selected blank terrain tile and supports explicit keyboard erasure (3.2105ms)
Greggnogg editor-core tests passed: 121
✔ greggnogg\editor-core.test.js (212.8218ms)
✔ connected player action generates a native map callback and round trips as blocks (9.6592ms)
✔ invalid contexts and duplicate event handlers reject before replacing Lua (1.564ms)
✔ handwritten Lua survives mode switching byte for byte (0.7172ms)
✔ malformed or mismatched metadata falls back to preserved Lua without partial blocks (0.4179ms)
✔ invalid blocks remain visible when switching to Advanced (3.4532ms)
✔ opening another document does not compile the previous block workspace (2.6852ms)
✔ waiting session uploads exactly once and waits for game completion (3.8205ms)
✔ lost POST response polls acceptance without submitting again (0.6927ms)
✔ initial connection retries and native map errors are surfaced (3.5563ms)
✔ replaced sessions and rejected uploads stop (0.5958ms)
✔ invalid tokens never contact a service and tokens use all random bytes (0.3929ms)
✔ browser packet matches the native fixture byte for byte (2.0939ms)
✔ binary assets survive exactly and editor-only metadata is omitted (0.6237ms)
✔ unsafe paths, Windows devices, duplicates and invalid text reject (1.059ms)
✔ configuration fails closed (5.2945ms)
✔ queue payload contains only public identity, queue, and HTTPS handoffs (2.2593ms)
✔ join posts once and leave edits the exact owned message (1.3894ms)
✔ matched post is edited now and deleted after one-day retention (0.6692ms)
✔ leave racing create edits the late message (0.5664ms)
✔ a sub-two-second queue stay never creates a Discord message (0.2646ms)
✔ the delayed post is created once only after its timer fires (0.3195ms)
✔ 429 response uses server retry_after instead of hardcoded route rates (0.4202ms)
✔ invalid lifecycle values never reach Discord (0.2682ms)
✔ orderly close retires active owned posts (0.9419ms)
✔ pending create work is bounded without dropping owned cleanup (6.1002ms)
✔ goal RGB controls preview exact channels and group a gesture into one undo (2.9462ms)
✔ invalid goal RGB or hex input preserves the document (1.3091ms)
✔ shared RGB controls retain room palette behavior (1.2024ms)
✔ public base and generated links are strict HTTPS routes (1.8852ms)
✔ redirect parser exposes only completed canonical yule intents (0.4296ms)
✔ HTTP handoff is no-store and method bounded (0.6718ms)
✔ redirect server refuses an accidental public bind (0.3538ms)
✔ audit preserves append history and records correlated intent/outcome without secrets (93.2191ms)
✔ audit failure blocks mutation and completion failure is explicitly distinguished (0.6827ms)
✔ an interrupted final record cannot absorb later audit entries (9.1333ms)
✔ live dashboard preserves focused, open, and edited maintenance while other regions refresh (2.8403ms)
✔ live dashboard pauses hidden tabs, retries failures, and stops on expired sessions (1.1305ms)
✔ live dashboard does not overlap requests after visibility changes (0.7019ms)
✔ admin bind validation accepts only loopback/private literals by default (5.8867ms)
✔ admin UI grants a private client session, requires CSRF, and dispatches actions (38.2473ms)
✔ admin UI can be disabled explicitly (0.2026ms)
✔ direct execution explains that the admin listener belongs to server.js (73.9106ms)
✔ admin rejects DNS rebinding hostnames before granting sessions (2.9499ms)
✔ offline backup verifies data and restores with a complete recovery copy (127.6977ms)
✔ tampered backup is rejected before any destination changes (25.9907ms)
✔ partial restore failure restores previous bytes and retains recovery snapshot (55.7702ms)
✔ silent write corruption triggers verified recovery (61.0542ms)
✔ silent recovery corruption is never reported as recovered (51.7417ms)
✔ stores reject damaged existing files and have no inherited users (39.8195ms)
✔ failed atomic replacement preserves destination and cleans temporary file (8.1632ms)
✔ record updates publish only after persistence and preserve unrelated users (12.4523ms)
ℹ tests 82
ℹ suites 0
ℹ pass 82
ℹ fail 0
ℹ cancelled 0
ℹ skipped 0
ℹ todo 0
ℹ duration_ms 601.7105
embedded UI source/header synchronization: OK
compile source list checks: OK (48 implementation files)
entity render native ABI and insertion checks passed
release packaging fail-closed static checks: OK
Linux Wine installer static/syntax checks: OK
Linux Wine installer integration test: skipped on non-POSIX host
public source exporter/static release guards: OK
credential_hooks_static_test: all checks passed
online_control_hooks_static_test: all checks passed
online flow integration static checks: OK
online native cursor static checks: OK
online match network HUD static checks: OK
online menu tick static checks: OK
online active troubleshooter static checks: OK
online LAN admin integration static checks: OK
online server control safety: OK
friend challenge map picker static checks: OK
social controls static checks: OK
private rematch static checks: OK
online launch/deep-link static checks: OK
one-shot updater handoff static checks: OK
single frame-boundary capture static checks: OK
desync_repro_static_test: all checks passed
peer trace diff tests: OK
fp_control_hooks_static_test: all checks passed
simulation_geometry_static_test: all checks passed
player colour static checks: OK
Discord Rich Presence privacy/runtime wiring checks: OK
bytebeat Lua/cache/resource wiring checks: OK
Lua HTTP owner/cancellation/body-bound static checks: OK
Greggnogg responsive color-editor static checks: OK
owner-scoped Lua console command integration: OK
removable Lua subscription integration static checks: OK
public mod.online cosmetics-surface removal checks: OK
Lua filesystem picker static checks: OK
mod API manifest/runtime integration static checks: OK
owner-scoped asset removal API wiring: OK
bounded mod.json integration static checks: OK
sandboxed Dollchan JavaScript build/security wiring checks: OK
native/bounded/Dollchan music playlist and authoring controls: OK
console catalog coverage: OK (70 dispatched, 70 catalog entries)
Discord LFG server/bot privacy lifecycle checks: OK
state-preserving online-server updater checks: OK
repository-wide updater safety checks: OK
installer lifecycle checks: OK
net_backpressure_static_test: all checks passed
window runtime static checks: OK
PASS: guarded credential, TCP/control, FP, rollback envelope, serializer, and window native/static tests completed.
