Building native rollback serializer tests...
state serializer tests: ALL OK
atlas-renderer tests: OK
✔ greggnogg\atlas-renderer.test.js (115.1473ms)
✔ defaults round-trip and checked-in native examples validate (4.0439ms)
✔ rejects duplicate and escaped duplicate keys without silently normalizing (0.4598ms)
✔ schema, references, geometry, visual ranges and limits fail closed (0.8551ms)
✔ rename preserves references and failure preserves the input (0.218ms)
✔ export ZIP keeps the exact entity and Lua bytes (0.613ms)
✔ export matches the shared native-loader fixture byte for byte (0.2381ms)
✔ atlas inheritance, rectangular crops and padding match map grid rules (0.4262ms)
✔ entity PNG grids reject ambiguity, while identical declarations agree (0.1491ms)
✔ glyph preview includes the native one-pixel origin and nine-pixel stride (0.0886ms)
✔ complete map export retains exact map, assets and unchanged Lua through nested import (5.2657ms)
✔ map import rejects ambiguous roots, Windows collisions, traversal and invalid entities (2.5763ms)
✔ room expansion matches native source/mirror coordinates and orientation (0.4339ms)
✔ ordinary maps become ready to use without asking for a format selection (1.7239ms)
✔ launch-pad starter exports the exact fixture executed by the real Lua runtime (0.7187ms)
✔ picture import declares and packages the asset without changing existing tiles or bytes (5.3414ms)
✔ solid region purpose survives validated map serialization (0.2078ms)
✔ object design is owned by the current document and upgrades without modifying its source (1.5041ms)
✔ painting objects preserves terrain, deduplicates cells and erases through the same tool (1.6437ms)
✔ capacity failure leaves the existing map placements intact (0.3466ms)
✔ object logic round trips without repeated generated callbacks or losing manual edits (0.9283ms)
✔ rename preserves placements and callbacks; placed designs cannot be deleted (0.4284ms)
✔ object designer opens inside Greggnogg and the old entry redirects there (0.7337ms)
✔ room duplication copies instances with distinct names and checks expanded capacity atomically (0.4939ms)
✔ normal map package parsing retains generated Lua for editor metadata restoration (5.4629ms)
✔ actual map import accepts nested custom-object exports and restores the current-map callback model (4.2147ms)
✔ actual map import rejects conflicting callback metadata without replacing the current map (5.3156ms)
✔ save validates an immutable snapshot while picture loading is pending (0.6297ms)
✔ save rejects animation frames that extend beyond the picture sheet (0.4013ms)
✔ map tools find and erase unsnapped room-local and legacy world-coordinate objects (0.2037ms)
✔ actual painting ignores a previously selected blank terrain tile and supports explicit keyboard erasure (2.3784ms)
✔ object block layouts survive package import and design rename without losing editable actions (44.3441ms)
✔ malformed object block metadata rejects atomically and stale layouts preserve newer Lua (0.3978ms)
✔ renaming updates map blocks and creation blocks in other objects atomically (2.4197ms)
✔ motion controls compile before custom logic and survive export/import (0.8131ms)
✔ terrain collision controls generate the native movement fixture (0.2696ms)
Greggnogg editor-core tests passed: 121
✔ greggnogg\editor-core.test.js (103.0915ms)
✔ connected player action generates a native map callback and round trips as blocks (8.1061ms)
✔ invalid contexts and duplicate event handlers reject before replacing Lua (0.9845ms)
✔ handwritten Lua survives mode switching byte for byte (0.7469ms)
✔ malformed or mismatched metadata falls back to preserved Lua without partial blocks (0.4019ms)
✔ object movement and animation controls match the native runtime fixture (6.5454ms)
✔ remove-this-object ends its statement stack and requires a live object event (0.3954ms)
✔ object picker uses current-map designs and preserves missing serialized IDs (1.0336ms)
✔ object callback blocks round trip independently and retain handwritten bodies (0.873ms)
✔ timing, deterministic random and math blocks generate inside repeated actions (0.3223ms)
✔ active-player loop supplies observations and a scoped action target (0.5111ms)
✔ player-loop native fixture is generated by the real block editor (0.9295ms)
✔ player/object overlap condition matches its native fixture (0.6834ms)
✔ object-type loop supplies this-object context in map logic (0.4545ms)
✔ dropdown release opens after drag cancellation, including newly created blocks (0.3647ms)
✔ scoped variables preserve player identity, false values and editable serialization (1.0275ms)
✔ per-player variable runtime fixture matches actual blocks (0.4607ms)
✔ terrain sensing and reversal compose in an object update (0.3835ms)
✔ patrol runtime fixture matches actual editor blocks (0.3351ms)
✔ variable pickers discover created names and retain them through serialization (0.7595ms)
✔ object variable names generate instance-owned keys and reject overly long keys (0.2413ms)
✔ invalid blocks remain visible when switching to Advanced (2.0741ms)
✔ opening another document does not compile the previous block workspace (0.8146ms)
✔ object logic event switching retains independent Lua and blocks (7.4284ms)
✔ disconnected blocks block mode and event switches without losing the workspace (2.3232ms)
✔ waiting session uploads exactly once and waits for game completion (1.5176ms)
✔ lost POST response polls acceptance without submitting again (0.2932ms)
✔ initial connection retries and native map errors are surfaced (2.168ms)
✔ replaced sessions and rejected uploads stop (0.4896ms)
✔ invalid tokens never contact a service and tokens use all random bytes (0.6445ms)
✔ browser packet matches the native fixture byte for byte (1.6356ms)
✔ binary assets survive exactly and editor-only metadata is omitted (0.5299ms)
✔ unsafe paths, Windows devices, duplicates and invalid text reject (0.7608ms)
✔ configuration fails closed (3.0137ms)
✔ queue payload contains only public identity, queue, and HTTPS handoffs (1.1307ms)
✔ join posts once and leave edits the exact owned message (0.7206ms)
✔ matched post is edited now and deleted after one-day retention (0.3238ms)
✔ leave racing create edits the late message (0.2636ms)
✔ a sub-two-second queue stay never creates a Discord message (0.1296ms)
✔ the delayed post is created once only after its timer fires (0.1322ms)
✔ 429 response uses server retry_after instead of hardcoded route rates (0.1655ms)
✔ invalid lifecycle values never reach Discord (0.4089ms)
✔ orderly close retires active owned posts (0.568ms)
✔ pending create work is bounded without dropping owned cleanup (3.0243ms)
✔ goal RGB controls preview exact channels and group a gesture into one undo (2.2817ms)
✔ invalid goal RGB or hex input preserves the document (1.3453ms)
✔ shared RGB controls retain room palette behavior (0.8839ms)
✔ public base and generated links are strict HTTPS routes (0.9266ms)
✔ redirect parser exposes only completed canonical yule intents (0.2179ms)
✔ HTTP handoff is no-store and method bounded (0.3446ms)
✔ redirect server refuses an accidental public bind (0.2395ms)
✔ audit preserves append history and records correlated intent/outcome without secrets (23.0533ms)
✔ audit failure blocks mutation and completion failure is explicitly distinguished (0.3274ms)
✔ an interrupted final record cannot absorb later audit entries (6.6033ms)
✔ live dashboard preserves focused, open, and edited maintenance while other regions refresh (2.4716ms)
✔ live dashboard pauses hidden tabs, retries failures, and stops on expired sessions (0.6103ms)
✔ live dashboard does not overlap requests after visibility changes (0.5981ms)
✔ admin bind validation accepts only loopback/private literals by default (4.1641ms)
✔ admin UI grants a private client session, requires CSRF, and dispatches actions (23.9097ms)
✔ admin UI can be disabled explicitly (0.1218ms)
✔ direct execution explains that the admin listener belongs to server.js (46.4382ms)
✔ admin rejects DNS rebinding hostnames before granting sessions (3.0351ms)
✔ offline backup verifies data and restores with a complete recovery copy (55.3196ms)
✔ tampered backup is rejected before any destination changes (17.8791ms)
✔ partial restore failure restores previous bytes and retains recovery snapshot (44.4315ms)
✔ silent write corruption triggers verified recovery (46.5763ms)
✔ silent recovery corruption is never reported as recovered (39.1234ms)
✔ stores reject damaged existing files and have no inherited users (10.0446ms)
✔ failed atomic replacement preserves destination and cleans temporary file (3.5044ms)
✔ record updates publish only after persistence and preserve unrelated users (8.0505ms)
ℹ tests 106
ℹ suites 0
ℹ pass 106
ℹ fail 0
ℹ cancelled 0
ℹ skipped 0
ℹ todo 0
ℹ duration_ms 374.9049
embedded UI source/header synchronization: OK
compile source list checks: OK (48 implementation files)
entity render native ABI and insertion checks passed
release packaging fail-closed static checks: OK
Linux Wine installer static/syntax checks: OK
Linux Wine installer integration test: skipped on non-POSIX host
public source exporter/static release guards: OK
credential_hooks_static_test: all checks passed
online_control_hooks_static_test: all checks passed
online flow integration static checks: OK
online native cursor static checks: OK
online match network HUD static checks: OK
online menu tick static checks: OK
online active troubleshooter static checks: OK
online LAN admin integration static checks: OK
online server control safety: OK
friend challenge map picker static checks: OK
social controls static checks: OK
private rematch static checks: OK
online launch/deep-link static checks: OK
one-shot updater handoff static checks: OK
single frame-boundary capture static checks: OK
desync_repro_static_test: all checks passed
peer trace diff tests: OK
fp_control_hooks_static_test: all checks passed
simulation_geometry_static_test: all checks passed
player colour static checks: OK
Discord Rich Presence privacy/runtime wiring checks: OK
bytebeat Lua/cache/resource wiring checks: OK
Lua HTTP owner/cancellation/body-bound static checks: OK
Greggnogg responsive color-editor static checks: OK
owner-scoped Lua console command integration: OK
removable Lua subscription integration static checks: OK
public mod.online cosmetics-surface removal checks: OK
Lua filesystem picker static checks: OK
mod API manifest/runtime integration static checks: OK
owner-scoped asset removal API wiring: OK
bounded mod.json integration static checks: OK
sandboxed Dollchan JavaScript build/security wiring checks: OK
native/bounded/Dollchan music playlist and authoring controls: OK
console catalog coverage: OK (70 dispatched, 70 catalog entries)
Discord LFG server/bot privacy lifecycle checks: OK
state-preserving online-server updater checks: OK
repository-wide updater safety checks: OK
installer lifecycle checks: OK
net_backpressure_static_test: all checks passed
window runtime static checks: OK
PASS: guarded credential, TCP/control, FP, rollback envelope, serializer, and window native/static tests completed.
