Building native rollback serializer tests...
state serializer tests: ALL OK
atlas-renderer tests: OK
✔ greggnogg\atlas-renderer.test.js (124.7445ms)
✔ defaults round-trip and checked-in native examples validate (5.9548ms)
✔ rejects duplicate and escaped duplicate keys without silently normalizing (0.3768ms)
✔ schema, references, geometry, visual ranges and limits fail closed (0.7049ms)
✔ rename preserves references and failure preserves the input (0.1638ms)
✔ export ZIP keeps the exact entity and Lua bytes (0.958ms)
✔ export matches the shared native-loader fixture byte for byte (1.1801ms)
✔ atlas inheritance, rectangular crops and padding match map grid rules (0.5045ms)
✔ entity PNG grids reject ambiguity, while identical declarations agree (0.1812ms)
✔ glyph preview includes the native one-pixel origin and nine-pixel stride (0.128ms)
✔ complete map export retains exact map, assets and unchanged Lua through nested import (7.6852ms)
✔ map import rejects ambiguous roots, Windows collisions, traversal and invalid entities (3.1481ms)
✔ room expansion matches native source/mirror coordinates and orientation (0.2994ms)
✔ ordinary maps become ready to use without asking for a format selection (1.8246ms)
✔ launch-pad starter exports the exact fixture executed by the real Lua runtime (1.2514ms)
✔ picture import declares and packages the asset without changing existing tiles or bytes (5.2601ms)
✔ object design is owned by the current document and upgrades without modifying its source (4.024ms)
✔ painting objects preserves terrain, deduplicates cells and erases through the same tool (1.8461ms)
✔ capacity failure leaves the existing map placements intact (0.4127ms)
✔ object logic round trips without repeated generated callbacks or losing manual edits (0.9648ms)
✔ rename preserves placements and callbacks; placed designs cannot be deleted (0.4727ms)
✔ object designer opens inside Greggnogg and the old entry redirects there (16.6099ms)
✔ room duplication copies instances with distinct names and checks expanded capacity atomically (0.9565ms)
✔ normal map package parsing retains generated Lua for editor metadata restoration (5.8859ms)
✔ actual map import accepts nested custom-object exports and restores the current-map callback model (37.9106ms)
✔ actual map import rejects conflicting callback metadata without replacing the current map (2.7819ms)
✔ save validates an immutable snapshot while picture loading is pending (0.5527ms)
✔ save rejects animation frames that extend beyond the picture sheet (0.336ms)
✔ map tools find and erase unsnapped room-local and legacy world-coordinate objects (0.1593ms)
✔ actual painting ignores a previously selected blank terrain tile and supports explicit keyboard erasure (1.299ms)
✔ object block layouts survive package import and design rename without losing editable actions (98.1422ms)
✔ malformed object block metadata rejects atomically and stale layouts preserve newer Lua (0.3323ms)
✔ renaming updates map blocks and creation blocks in other objects atomically (1.7044ms)
✔ motion controls compile before custom logic and survive export/import (0.5563ms)
✔ terrain collision controls generate the native movement fixture (0.2233ms)
Greggnogg editor-core tests passed: 121
✔ greggnogg\editor-core.test.js (126.6346ms)
✔ connected player action generates a native map callback and round trips as blocks (6.1169ms)
✔ invalid contexts and duplicate event handlers reject before replacing Lua (0.884ms)
✔ handwritten Lua survives mode switching byte for byte (0.4067ms)
✔ malformed or mismatched metadata falls back to preserved Lua without partial blocks (0.2316ms)
✔ object movement and animation controls match the native runtime fixture (14.5698ms)
✔ remove-this-object ends its statement stack and requires a live object event (0.3338ms)
✔ object picker uses current-map designs and preserves missing serialized IDs (1.0573ms)
✔ object callback blocks round trip independently and retain handwritten bodies (0.782ms)
✔ timing, deterministic random and math blocks generate inside repeated actions (0.2832ms)
✔ active-player loop supplies observations and a scoped action target (0.5398ms)
✔ player-loop native fixture is generated by the real block editor (9.1192ms)
✔ player/object overlap condition matches its native fixture (0.6496ms)
✔ object-type loop supplies this-object context in map logic (0.6261ms)
✔ dropdown pointer presses cancel drag and open the field before Blockly starts a block gesture (0.3228ms)
✔ invalid blocks remain visible when switching to Advanced (17.3028ms)
✔ opening another document does not compile the previous block workspace (0.7253ms)
✔ object logic event switching retains independent Lua and blocks (16.9371ms)
✔ disconnected blocks block mode and event switches without losing the workspace (1.2729ms)
✔ waiting session uploads exactly once and waits for game completion (1.2414ms)
✔ lost POST response polls acceptance without submitting again (0.7407ms)
✔ initial connection retries and native map errors are surfaced (1.7454ms)
✔ replaced sessions and rejected uploads stop (0.3045ms)
✔ invalid tokens never contact a service and tokens use all random bytes (0.1924ms)
✔ browser packet matches the native fixture byte for byte (3.0185ms)
✔ binary assets survive exactly and editor-only metadata is omitted (0.5913ms)
✔ unsafe paths, Windows devices, duplicates and invalid text reject (0.6011ms)
✔ configuration fails closed (1.8232ms)
✔ queue payload contains only public identity, queue, and HTTPS handoffs (2.1313ms)
✔ join posts once and leave edits the exact owned message (1.5188ms)
✔ matched post is edited now and deleted after one-day retention (0.3592ms)
✔ leave racing create edits the late message (0.2537ms)
✔ a sub-two-second queue stay never creates a Discord message (0.2002ms)
✔ the delayed post is created once only after its timer fires (0.164ms)
✔ 429 response uses server retry_after instead of hardcoded route rates (0.1715ms)
✔ invalid lifecycle values never reach Discord (0.0879ms)
✔ orderly close retires active owned posts (0.4336ms)
✔ pending create work is bounded without dropping owned cleanup (3.0018ms)
✔ goal RGB controls preview exact channels and group a gesture into one undo (3.5164ms)
✔ invalid goal RGB or hex input preserves the document (1.094ms)
✔ shared RGB controls retain room palette behavior (0.8061ms)
✔ public base and generated links are strict HTTPS routes (1.3504ms)
✔ redirect parser exposes only completed canonical yule intents (0.2449ms)
✔ HTTP handoff is no-store and method bounded (1.0998ms)
✔ redirect server refuses an accidental public bind (0.2651ms)
✔ audit preserves append history and records correlated intent/outcome without secrets (20.5922ms)
✔ audit failure blocks mutation and completion failure is explicitly distinguished (0.4298ms)
✔ an interrupted final record cannot absorb later audit entries (6.5607ms)
✔ live dashboard preserves focused, open, and edited maintenance while other regions refresh (2.5497ms)
✔ live dashboard pauses hidden tabs, retries failures, and stops on expired sessions (0.7824ms)
✔ live dashboard does not overlap requests after visibility changes (0.5338ms)
✔ admin bind validation accepts only loopback/private literals by default (4.1516ms)
✔ admin UI grants a private client session, requires CSRF, and dispatches actions (32.7054ms)
✔ admin UI can be disabled explicitly (0.144ms)
✔ direct execution explains that the admin listener belongs to server.js (49.2873ms)
✔ admin rejects DNS rebinding hostnames before granting sessions (2.9485ms)
✔ offline backup verifies data and restores with a complete recovery copy (59.2165ms)
✔ tampered backup is rejected before any destination changes (21.0002ms)
✔ partial restore failure restores previous bytes and retains recovery snapshot (44.8267ms)
✔ silent write corruption triggers verified recovery (43.7345ms)
✔ silent recovery corruption is never reported as recovered (39.0828ms)
✔ stores reject damaged existing files and have no inherited users (9.7715ms)
✔ failed atomic replacement preserves destination and cleans temporary file (3.5616ms)
✔ record updates publish only after persistence and preserve unrelated users (7.8601ms)
ℹ tests 99
ℹ suites 0
ℹ pass 99
ℹ fail 0
ℹ cancelled 0
ℹ skipped 0
ℹ todo 0
ℹ duration_ms 415.984
embedded UI source/header synchronization: OK
compile source list checks: OK (48 implementation files)
entity render native ABI and insertion checks passed
release packaging fail-closed static checks: OK
Linux Wine installer static/syntax checks: OK
Linux Wine installer integration test: skipped on non-POSIX host
public source exporter/static release guards: OK
credential_hooks_static_test: all checks passed
online_control_hooks_static_test: all checks passed
online flow integration static checks: OK
online native cursor static checks: OK
online match network HUD static checks: OK
online menu tick static checks: OK
online active troubleshooter static checks: OK
online LAN admin integration static checks: OK
online server control safety: OK
friend challenge map picker static checks: OK
social controls static checks: OK
private rematch static checks: OK
online launch/deep-link static checks: OK
one-shot updater handoff static checks: OK
single frame-boundary capture static checks: OK
desync_repro_static_test: all checks passed
peer trace diff tests: OK
fp_control_hooks_static_test: all checks passed
simulation_geometry_static_test: all checks passed
player colour static checks: OK
Discord Rich Presence privacy/runtime wiring checks: OK
bytebeat Lua/cache/resource wiring checks: OK
Lua HTTP owner/cancellation/body-bound static checks: OK
Greggnogg responsive color-editor static checks: OK
owner-scoped Lua console command integration: OK
removable Lua subscription integration static checks: OK
public mod.online cosmetics-surface removal checks: OK
Lua filesystem picker static checks: OK
mod API manifest/runtime integration static checks: OK
owner-scoped asset removal API wiring: OK
bounded mod.json integration static checks: OK
sandboxed Dollchan JavaScript build/security wiring checks: OK
native/bounded/Dollchan music playlist and authoring controls: OK
console catalog coverage: OK (70 dispatched, 70 catalog entries)
Discord LFG server/bot privacy lifecycle checks: OK
state-preserving online-server updater checks: OK
repository-wide updater safety checks: OK
installer lifecycle checks: OK
net_backpressure_static_test: all checks passed
window runtime static checks: OK
PASS: guarded credential, TCP/control, FP, rollback envelope, serializer, and window native/static tests completed.
