; eggnogg-map/v2
; $ = external animated atlas tile
; % = transformed built-in tile
; & = intentionally unresolved sprite, so the native x fallback must draw

[center]
"@@@@@@@@@@@@@@@@@@@@@@@@@@@@@@@@@"
"@@@@@@@@@@@@@@@@@@@@@@@@@@@@@@@@@"
"                                 "
"       $$$$$     %%%%%           "
"                                 "
"       &&&&&     $$$$$           "
"                                 "
"    @@@@@@@@@@@@@@@@@@@@@@@@@    "
"                                 "
"                                 "
"@@@@@@@@@@@@@@@@@@@@@@@@@@@@@@@@@"
"@@@@@@@@@@@@@@@@@@@@@@@@@@@@@@@@@"

[outer]
"@@@@@@@@@@@@@@@@@@@@@@@@@@@@@@@@@"
"@@@@@@@@@@@@@@@@@@@@@@@@@@@@@@@@@"
"                                 "
"  $  %  &       $  %  &          "
"                                 "
"     $$$$$%%%&&&                 "
"                                 "
"    @@@@@@@@@@@@@@@@@@@@@@@@@    "
"                                 "
"                                 "
"@@@@@@@@@@@@@@@@@@@@@@@@@@@@@@@@@"
"@@@@@@@@@@@@@@@@@@@@@@@@@@@@@@@@@"
