; eggnogg-map/v1

[center]
"@@@@@@@@@@@@@@@@@@@@@@@@@@@@@@@@@"
"@@@@@@@@@@@@@@@@@@@@@@@@@@@@@@@@@"
"@@       C                C    @@"
"               #                 "
"   #                    #        "
"       #      @@@@@          #   "
"               @@@               "
"@      @@m@@   #     @@m@@      @"
"@@@XX@@@@@@@@@     @@@@@@@@@XX@@@"
"@@@@@@@@@@@@@@@XXX@@@@@@@@@@@@@@@"
"@@@@@@@@@@@@@@@@@@@@@@@@@@@@@@@@@"
"@@@@@@@@@@@@@@@@@@@@@@@@@@@@@@@@@"

[mid_1]
"@@@@@@@@@@@@@@@@@@@@@@@@@@@@@@@@@"
"@@@@@vvvvv@@@vv@@@vv@@@@vvvv@@@@@"
"vv   #                        @v@"
"         K        #              "
"          #                 #    "
"     #        @@m@@              "
"          @@   vvv   @@@      #  "
"@@@@@@@XXm@@         @@@mXX@@@@@@"
"@@@@@@vvvv@        #   vvv@@@@@@@"
"@@@v@@        #              v@@@"
"@@            T  t    #         @"
"WWWWWWWWWWWWWWWWWWWWWWWWWWWWWWWWW"

[outer_1]
"@@@@@@@@@@@@@@@@@@@@@@@@@@@@@@@@@"
"@@@@@@@@@@@@@@@@@@@@@@@@@@@vv@@@@"
"@@@@@@@@@         ~   #      @@v "
"@@         #      m              "
"             #    C        #     "
"     #               #           "
"           #             #       "
"@@@ *                        @@@@"
"@@@@@^^^^^^^^^^^^^^^^^^^@@@@@@@@@"
"@@@@@EEEEEEEEEEEEEEEEEEE@@@@@@@@@"
"@@@@@@EEEEEEEEEEEEEEEEEE@@@@@@@@@"
"@@@@@@EEEEEEEEEEEEEEEEEE@@@@@@@@@"
